Archive member included to satisfy reference by file (symbol)

.\CortexM0\ARM_GCC_541\Debug\TFG_BluetoothLowEnergy.a(CapSense.o)
                              .\CortexM0\ARM_GCC_541\Debug\main.o (CapSense_IsBusy)
.\CortexM0\ARM_GCC_541\Debug\TFG_BluetoothLowEnergy.a(CapSense_CSHL.o)
                              .\CortexM0\ARM_GCC_541\Debug\main.o (CapSense_InitializeAllBaselines)
.\CortexM0\ARM_GCC_541\Debug\TFG_BluetoothLowEnergy.a(CapSense_INT.o)
                              .\CortexM0\ARM_GCC_541\Debug\TFG_BluetoothLowEnergy.a(CapSense.o) (CapSense_ISR)
.\CortexM0\ARM_GCC_541\Debug\TFG_BluetoothLowEnergy.a(I2C.o)
                              .\CortexM0\ARM_GCC_541\Debug\main.o (I2C_Start)
.\CortexM0\ARM_GCC_541\Debug\TFG_BluetoothLowEnergy.a(I2C_I2C.o)
                              .\CortexM0\ARM_GCC_541\Debug\TFG_BluetoothLowEnergy.a(I2C.o) (I2C_I2CInit)
.\CortexM0\ARM_GCC_541\Debug\TFG_BluetoothLowEnergy.a(I2C_I2C_MASTER.o)
                              .\CortexM0\ARM_GCC_541\Debug\LiquidCrystal_I2C.o (I2C_I2CMasterSendStart)
.\CortexM0\ARM_GCC_541\Debug\TFG_BluetoothLowEnergy.a(BLE.o)
                              .\CortexM0\ARM_GCC_541\Debug\main.o (CyBle_Start)
.\CortexM0\ARM_GCC_541\Debug\TFG_BluetoothLowEnergy.a(BLE_gatt.o)
                              .\CortexM0\ARM_GCC_541\Debug\TFG_BluetoothLowEnergy.a(BLE.o) (cyBle_state)
.\CortexM0\ARM_GCC_541\Debug\TFG_BluetoothLowEnergy.a(BLE_eventHandler.o)
                              .\CortexM0\ARM_GCC_541\Debug\TFG_BluetoothLowEnergy.a(BLE.o) (cyBle_eventHandlerFlag)
.\CortexM0\ARM_GCC_541\Debug\TFG_BluetoothLowEnergy.a(BLE_custom.o)
                              .\CortexM0\ARM_GCC_541\Debug\TFG_BluetoothLowEnergy.a(BLE.o) (CyBle_CustomInit)
.\CortexM0\ARM_GCC_541\Debug\TFG_BluetoothLowEnergy.a(DHT.o)
                              .\CortexM0\ARM_GCC_541\Debug\main.o (DHT_Write)
.\CortexM0\ARM_GCC_541\Debug\TFG_BluetoothLowEnergy.a(CapSense_SampleClk.o)
                              .\CortexM0\ARM_GCC_541\Debug\TFG_BluetoothLowEnergy.a(CapSense.o) (CapSense_SampleClk_StartEx)
.\CortexM0\ARM_GCC_541\Debug\TFG_BluetoothLowEnergy.a(CapSense_SenseClk.o)
                              .\CortexM0\ARM_GCC_541\Debug\TFG_BluetoothLowEnergy.a(CapSense.o) (CapSense_SenseClk_StartEx)
.\CortexM0\ARM_GCC_541\Debug\TFG_BluetoothLowEnergy.a(CyLib.o)
                              .\CortexM0\ARM_GCC_541\Debug\cyfitter_cfg.o (CyIntEnable)
.\CortexM0\ARM_GCC_541\Debug\TFG_BluetoothLowEnergy.a(CyLFClk.o)
                              .\CortexM0\ARM_GCC_541\Debug\cyfitter_cfg.o (CySysClkWcoStart)
.\CortexM0\ARM_GCC_541\Debug\TFG_BluetoothLowEnergy.a(CyBootAsmGnu.o)
                              .\CortexM0\ARM_GCC_541\Debug\cyfitter_cfg.o (CyDelayCycles)
.\CortexM0\ARM_GCC_541\Debug\TFG_BluetoothLowEnergy.a(I2C_I2C_INT.o)
                              .\CortexM0\ARM_GCC_541\Debug\TFG_BluetoothLowEnergy.a(I2C_I2C.o) (I2C_I2C_ISR)
..\..\Documents\PSoC Creator\4.2\Downloads ( 4.2).cylib\BLE_v3_60\Library\gccCyBLEStack_BLE_SOC_PERIPHERAL.a(CyBle.o)
                              .\CortexM0\ARM_GCC_541\Debug\TFG_BluetoothLowEnergy.a(BLE_eventHandler.o) (CyBle_EnableDefaultDevicePrivacy)
..\..\Documents\PSoC Creator\4.2\Downloads ( 4.2).cylib\BLE_v3_60\Library\gccCyBLEStack_BLE_SOC_PERIPHERAL.a(CyBleStackMgrIP_Interface.o)
                              ..\..\Documents\PSoC Creator\4.2\Downloads ( 4.2).cylib\BLE_v3_60\Library\gccCyBLEStack_BLE_SOC_PERIPHERAL.a(CyBle.o) (CyBleStackMgr_Init)
..\..\Documents\PSoC Creator\4.2\Downloads ( 4.2).cylib\BLE_v3_60\Library\gccCyBLEStack_BLE_SOC_PERIPHERAL.a(BT_os.o)
                              ..\..\Documents\PSoC Creator\4.2\Downloads ( 4.2).cylib\BLE_v3_60\Library\gccCyBLEStack_BLE_SOC_PERIPHERAL.a(CyBleStackMgrIP_Interface.o) (cyBleStackMemoryConfig)
..\..\Documents\PSoC Creator\4.2\Downloads ( 4.2).cylib\BLE_v3_60\Library\gccCyBLEStack_BLE_SOC_PERIPHERAL.a(BT_timer.o)
                              ..\..\Documents\PSoC Creator\4.2\Downloads ( 4.2).cylib\BLE_v3_60\Library\gccCyBLEStack_BLE_SOC_PERIPHERAL.a(CyBleStackMgrIP_Interface.o) (timer_init)
..\..\Documents\PSoC Creator\4.2\Downloads ( 4.2).cylib\BLE_v3_60\Library\gccCyBLEStack_BLE_SOC_PERIPHERAL.a(CyBleStackMgr_StackTaskHandler.o)
                              ..\..\Documents\PSoC Creator\4.2\Downloads ( 4.2).cylib\BLE_v3_60\Library\gccCyBLEStack_BLE_SOC_PERIPHERAL.a(BT_timer.o) (BLE_STACK_TASK_EVT)
..\..\Documents\PSoC Creator\4.2\Downloads ( 4.2).cylib\BLE_v3_60\Library\gccCyBLEStack_BLE_SOC_PERIPHERAL.a(transport_sf.o)
                              ..\..\Documents\PSoC Creator\4.2\Downloads ( 4.2).cylib\BLE_v3_60\Library\gccCyBLEStack_BLE_SOC_PERIPHERAL.a(CyBleStackMgr_StackTaskHandler.o) (hci_soft_transport_notify_data_received)
..\..\Documents\PSoC Creator\4.2\Downloads ( 4.2).cylib\BLE_v3_60\Library\gccCyBLEStack_BLE_SOC_PERIPHERAL.a(CyBleStackMgr_PSoCHal.o)
[...]
Memory Configuration

Name             Origin             Length             Attributes
rom              0x00000000         0x00040000         xr
ram              0x20000000         0x00008000         xrw
*default*        0x00000000         0xffffffff

Linker script and memory map

LOAD c:/program files (x86)/cypress/psoc creator/4.2/psoc creator/import/gnu/arm/5.4.1/bin/../lib/gcc/arm-none-eabi/5.4.1/armv6-m/crti.o
LOAD c:/program files (x86)/cypress/psoc creator/4.2/psoc creator/import/gnu/arm/5.4.1/bin/../lib/gcc/arm-none-eabi/5.4.1/armv6-m/crtbegin.o
LOAD c:/program files (x86)/cypress/psoc creator/4.2/psoc creator/import/gnu/arm/5.4.1/bin/../lib/gcc/arm-none-eabi/5.4.1/../../../../arm-none-eabi/lib/armv6-m/crt0.o
START GROUP
LOAD .\CortexM0\ARM_GCC_541\Debug\main.o
LOAD .\CortexM0\ARM_GCC_541\Debug\BLE_APP.o
LOAD .\CortexM0\ARM_GCC_541\Debug\LiquidCrystal_I2C.o
LOAD .\CortexM0\ARM_GCC_541\Debug\cyfitter_cfg.o
LOAD .\CortexM0\ARM_GCC_541\Debug\cymetadata.o
LOAD .\CortexM0\ARM_GCC_541\Debug\Cm0Start.o
LOAD .\CortexM0\ARM_GCC_541\Debug\TFG_BluetoothLowEnergy.a
LOAD ..\..\Documents\PSoC Creator\4.2\Downloads ( 4.2).cylib\BLE_v3_60\Library\gccCyBLEStack_BLE_SOC_PERIPHERAL.a
LOAD C:\Program Files (x86)\Cypress\PSoC Creator\4.2\PSoC Creator\psoc\content\CyComponentLibrary\CyComponentLibrary.cylib\CapSense_CSD_P4_v2_60\PSoC4\Library\CapsenseP4Library_GCC.a
END GROUP
START GROUP
LOAD c:/program files (x86)/cypress/psoc creator/4.2/psoc creator/import/gnu/arm/5.4.1/bin/../lib/gcc/arm-none-eabi/5.4.1/armv6-m\libgcc.a
LOAD c:/program files (x86)/cypress/psoc creator/4.2/psoc creator/import/gnu/arm/5.4.1/bin/../lib/gcc/arm-none-eabi/5.4.1/../../../../arm-none-eabi/lib/armv6-m\libg_nano.a
LOAD c:/program files (x86)/cypress/psoc creator/4.2/psoc creator/import/gnu/arm/5.4.1/bin/../lib/gcc/arm-none-eabi/5.4.1/../../../../arm-none-eabi/lib/armv6-m\libc_nano.a
END GROUP
START GROUP
LOAD c:/program files (x86)/cypress/psoc creator/4.2/psoc creator/import/gnu/arm/5.4.1/bin/../lib/gcc/arm-none-eabi/5.4.1/armv6-m\libgcc.a
LOAD c:/program files (x86)/cypress/psoc creator/4.2/psoc creator/import/gnu/arm/5.4.1/bin/../lib/gcc/arm-none-eabi/5.4.1/../../../../arm-none-eabi/lib/armv6-m\libc_nano.a
END GROUP
LOAD c:/program files (x86)/cypress/psoc creator/4.2/psoc creator/import/gnu/arm/5.4.1/bin/../lib/gcc/arm-none-eabi/5.4.1/armv6-m/crtend.o
LOAD c:/program files (x86)/cypress/psoc creator/4.2/psoc creator/import/gnu/arm/5.4.1/bin/../lib/gcc/arm-none-eabi/5.4.1/armv6-m/crtn.o
START GROUP
LOAD c:/program files (x86)/cypress/psoc creator/4.2/psoc creator/import/gnu/arm/5.4.1/bin/../lib/gcc/arm-none-eabi/5.4.1/armv6-m\libgcc.a
LOAD c:/program files (x86)/cypress/psoc creator/4.2/psoc creator/import/gnu/arm/5.4.1/bin/../lib/gcc/arm-none-eabi/5.4.1/../../../../arm-none-eabi/lib/armv6-m\libc.a
LOAD c:/program files (x86)/cypress/psoc creator/4.2/psoc creator/import/gnu/arm/5.4.1/bin/../lib/gcc/arm-none-eabi/5.4.1/../../../../arm-none-eabi/lib/armv6-m\libnosys.a
END GROUP
                0x00000000                CY_APPL_ORIGIN = 0x0
                0x00000100                CY_FLASH_ROW_SIZE = 0x100
                0x00000001                CY_APPL_NUM = 0x1
                0x00000001                CY_APPL_MAX = 0x1
                0x00000040                CY_METADATA_SIZE = 0x40
                0x00000000                CY_APPL_LOADABLE = 0x0
                0x00000000                CY_CHECKSUM_EXCLUDE_SIZE = ALIGN (0x0, CY_FLASH_ROW_SIZE)
                0x00000000                CY_APP_FOR_STACK_AND_COPIER = 0x0
                [!provide]                PROVIDE (__cy_heap_start, _end)
                0x00000001                PROVIDE (__cy_region_num, ((__cy_regions_end - __cy_regions) / 0x10))
                0x20008000                PROVIDE (__cy_stack, (ORIGIN (ram) + LENGTH (ram)))
                [!provide]                PROVIDE (__cy_heap_end, (__cy_stack - 0x800))

.cybootloader   0x00000000        0x0
 *(.cybootloader)
                0x00000000                appl1_start = CY_APPL_ORIGIN?CY_APPL_ORIGIN:ALIGN (CY_FLASH_ROW_SIZE)
                0x0001ff00                appl2_start = (appl1_start + ALIGN ((((LENGTH (rom) - appl1_start) - (0x2 * CY_FLASH_ROW_SIZE)) / 0x2), CY_FLASH_ROW_SIZE))
                0x00000000                appl_start = (CY_APPL_NUM == 0x1)?appl1_start:appl2_start
                0x00000001                cy_project_type_bootloader = (appl_start == 0x0)?0x1:0x0
                0x00000000                cy_project_type_app_for_stack_and_copier = (CY_APP_FOR_STACK_AND_COPIER == 0x1)?0x1:0x0

.text           0x00000000     0x2f9a
 CREATE_OBJECT_SYMBOLS
                0x00000000                PROVIDE (__cy_interrupt_vector, RomVectors)
 *(.romvectors)
 .romvectors    0x00000000       0x10 .\CortexM0\ARM_GCC_541\Debug\Cm0Start.o
                0x00000000                RomVectors
                0x00000001                ASSERT ((. != __cy_interrupt_vector), No interrupt vector)
                0x00000001                ASSERT (CY_APPL_ORIGIN?(SIZEOF (.cybootloader) <= CY_APPL_ORIGIN):0x1, Wrong image location)
                0x00000010                PROVIDE (__cy_reset, Reset)
 *(.text.Reset)
 .text.Reset    0x00000010        0x8 .\CortexM0\ARM_GCC_541\Debug\Cm0Start.o
                0x00000010                Reset
                0x00000001                ASSERT ((. != __cy_reset), No reset code)
 *(.psocinit)
 .psocinit      0x00000018      0x20c .\CortexM0\ARM_GCC_541\Debug\cyfitter_cfg.o
                0x00000128                cyfitter_cfg
                0x00000224                . = MAX (., 0x100)
 *(.text .text.* .gnu.linkonce.t.*)
 .text          0x00000224       0x60 c:/program files (x86)/cypress/psoc creator/4.2/psoc creator/import/gnu/arm/5.4.1/bin/../lib/gcc/arm-none-eabi/5.4.1/armv6-m/crtbegin.o
 .text.lectura_DHT22
                0x00000284       0xfc .\CortexM0\ARM_GCC_541\Debug\main.o
                0x00000284                lectura_DHT22
 .text.main     0x00000380      0x258 .\CortexM0\ARM_GCC_541\Debug\main.o
                0x00000380                main
 .text.BLECallBack
                0x000005d8      0x114 .\CortexM0\ARM_GCC_541\Debug\BLE_APP.o
                0x000005d8                BLECallBack
 .text.LiquidCrystal_I2C_init
                0x000006ec       0x30 .\CortexM0\ARM_GCC_541\Debug\LiquidCrystal_I2C.o
                0x000006ec                LiquidCrystal_I2C_init
 .text.I2C_M_write_byte
                0x0000071c       0x1c .\CortexM0\ARM_GCC_541\Debug\LiquidCrystal_I2C.o
                0x0000071c                I2C_M_write_byte
 .text.expanderWrite
                0x00000738       0x1c .\CortexM0\ARM_GCC_541\Debug\LiquidCrystal_I2C.o
                0x00000738                expanderWrite
 .text.pulseEnable
                0x00000754       0x28 .\CortexM0\ARM_GCC_541\Debug\LiquidCrystal_I2C.o
                0x00000754                pulseEnable
 .text.write4bits
                0x0000077c       0x10 .\CortexM0\ARM_GCC_541\Debug\LiquidCrystal_I2C.o
                0x0000077c                write4bits
 .text.send     0x0000078c       0x24 .\CortexM0\ARM_GCC_541\Debug\LiquidCrystal_I2C.o
                0x0000078c                send
 .text.command  0x000007b0        0xc .\CortexM0\ARM_GCC_541\Debug\LiquidCrystal_I2C.o
                0x000007b0                command
 .text.clear    0x000007bc       0x10 .\CortexM0\ARM_GCC_541\Debug\LiquidCrystal_I2C.o
                0x000007bc                clear
 .text.home     0x000007cc       0x10 .\CortexM0\ARM_GCC_541\Debug\LiquidCrystal_I2C.o
                0x000007cc                home
 .text.setCursor
                0x000007dc       0x40 .\CortexM0\ARM_GCC_541\Debug\LiquidCrystal_I2C.o
                0x000007dc                setCursor
 .text.display  0x0000081c       0x20 .\CortexM0\ARM_GCC_541\Debug\LiquidCrystal_I2C.o
                0x0000081c                display
 .text.write    0x0000083c        0xc .\CortexM0\ARM_GCC_541\Debug\LiquidCrystal_I2C.o
                0x0000083c                write
 .text.LCD_print
                0x00000848       0x20 .\CortexM0\ARM_GCC_541\Debug\LiquidCrystal_I2C.o
                0x00000848                LCD_print
 .text.begin    0x00000868       0xb8 .\CortexM0\ARM_GCC_541\Debug\LiquidCrystal_I2C.o
                0x00000868                begin
 .text.cfg_write_bytes32
                0x00000920       0x34 .\CortexM0\ARM_GCC_541\Debug\cyfitter_cfg.o
 .text.CYMEMZERO
                0x00000954        0xc .\CortexM0\ARM_GCC_541\Debug\cyfitter_cfg.o
 .text.SetAnalogRoutingPumps
                0x00000960       0x40 .\CortexM0\ARM_GCC_541\Debug\cyfitter_cfg.o
                0x00000960                SetAnalogRoutingPumps
 .text.AnalogSetDefault
                0x000009a0       0x28 .\CortexM0\ARM_GCC_541\Debug\cyfitter_cfg.o
 .text.IntDefaultHandler
                0x000009c8       0x10 .\CortexM0\ARM_GCC_541\Debug\Cm0Start.o
                0x000009c8                IntDefaultHandler
 .text._sbrk    0x000009d8       0x30 .\CortexM0\ARM_GCC_541\Debug\Cm0Start.o
                0x000009d8                _sbrk
 .text.Start_c  0x00000a08       0x48 .\CortexM0\ARM_GCC_541\Debug\Cm0Start.o
                0x00000a08                Start_c
 .text.initialize_psoc
                0x00000a50       0x4c .\CortexM0\ARM_GCC_541\Debug\Cm0Start.o
                0x00000a50                initialize_psoc
 .text.CapSense_CsdHwBlockInit
                0x00000a9c       0x8c .\CortexM0\ARM_GCC_541\Debug\TFG_BluetoothLowEnergy.a(CapSense.o)
                0x00000a9c                CapSense_CsdHwBlockInit
 .text.CapSense_Enable
                0x00000b28       0x40 .\CortexM0\ARM_GCC_541\Debug\TFG_BluetoothLowEnergy.a(CapSense.o)
                0x00000b28                CapSense_Enable
 .text.CapSense_IsBusy
                0x00000b68       0x10 .\CortexM0\ARM_GCC_541\Debug\TFG_BluetoothLowEnergy.a(CapSense.o)
                0x00000b68                CapSense_IsBusy
 .text.CapSense_EnableSensor
                0x00000b78       0x2c .\CortexM0\ARM_GCC_541\Debug\TFG_BluetoothLowEnergy.a(CapSense.o)
                0x00000b78                CapSense_EnableSensor
 .text.CapSense_DisableSensor
                0x00000ba4       0x50 .\CortexM0\ARM_GCC_541\Debug\TFG_BluetoothLowEnergy.a(CapSense.o)
                0x00000ba4                CapSense_DisableSensor
 .text.CapSense_ClearSensors
                0x00000bf4       0x14 .\CortexM0\ARM_GCC_541\Debug\TFG_BluetoothLowEnergy.a(CapSense.o)
                0x00000bf4                CapSense_ClearSensors
 .text.CapSense_PreScan
                0x00000c08       0xb4 .\CortexM0\ARM_GCC_541\Debug\TFG_BluetoothLowEnergy.a(CapSense.o)
                0x00000c08                CapSense_PreScan
 .text.CapSense_ScanSensor
                0x00000cbc       0x1c .\CortexM0\ARM_GCC_541\Debug\TFG_BluetoothLowEnergy.a(CapSense.o)
                0x00000cbc                CapSense_ScanSensor
 .text.CapSense_PostScan
                0x00000cd8       0x50 .\CortexM0\ARM_GCC_541\Debug\TFG_BluetoothLowEnergy.a(CapSense.o)
                0x00000cd8                CapSense_PostScan
 .text.CapSense_SetShieldDelay
                0x00000d28       0x18 .\CortexM0\ARM_GCC_541\Debug\TFG_BluetoothLowEnergy.a(CapSense.o)
                0x00000d28                CapSense_SetShieldDelay
 .text.CapSense_GetBitValue
                0x00000d40       0x18 .\CortexM0\ARM_GCC_541\Debug\TFG_BluetoothLowEnergy.a(CapSense.o)
                0x00000d40                CapSense_GetBitValue
 .text.CapSense_FindNextSensor
                0x00000d58       0x24 .\CortexM0\ARM_GCC_541\Debug\TFG_BluetoothLowEnergy.a(CapSense.o)
                0x00000d58                CapSense_FindNextSensor
 .text.CapSense_ScanEnabledWidgets
                0x00000d7c       0x34 .\CortexM0\ARM_GCC_541\Debug\TFG_BluetoothLowEnergy.a(CapSense.o)
                0x00000d7c                CapSense_ScanEnabledWidgets
 .text.CapSense_SetBitValue
                0x00000db0       0x28 .\CortexM0\ARM_GCC_541\Debug\TFG_BluetoothLowEnergy.a(CapSense.o)
                0x00000db0                CapSense_SetBitValue
 .text.CapSense_SetUnscannedSensorState
                0x00000dd8        0xc .\CortexM0\ARM_GCC_541\Debug\TFG_BluetoothLowEnergy.a(CapSense.o)
                0x00000dd8                CapSense_SetUnscannedSensorState
 .text.CapSense_Init
                0x00000de4       0x24 .\CortexM0\ARM_GCC_541\Debug\TFG_BluetoothLowEnergy.a(CapSense.o)
                0x00000de4                CapSense_Init
 .text.CapSense_Start
                0x00000e08       0x30 .\CortexM0\ARM_GCC_541\Debug\TFG_BluetoothLowEnergy.a(CapSense.o)
                0x00000e08                CapSense_Start
 .text.CapSense_BaseInit
                0x00000e38       0x38 .\CortexM0\ARM_GCC_541\Debug\TFG_BluetoothLowEnergy.a(CapSense_CSHL.o)
                0x00000e38                CapSense_BaseInit
 .text.CapSense_InitializeSensorBaseline
                0x00000e70       0x18 .\CortexM0\ARM_GCC_541\Debug\TFG_BluetoothLowEnergy.a(CapSense_CSHL.o)
                0x00000e70                CapSense_InitializeSensorBaseline
 .text.CapSense_InitializeAllBaselines
                0x00000e88       0x14 .\CortexM0\ARM_GCC_541\Debug\TFG_BluetoothLowEnergy.a(CapSense_CSHL.o)
                0x00000e88                CapSense_InitializeAllBaselines
 .text.CapSense_EnableWidget
                0x00000e9c       0x14 .\CortexM0\ARM_GCC_541\Debug\TFG_BluetoothLowEnergy.a(CapSense_CSHL.o)
                0x00000e9c                CapSense_EnableWidget
 .text.CapSense_IIR4Filter
                0x00000eb0        0xc .\CortexM0\ARM_GCC_541\Debug\TFG_BluetoothLowEnergy.a(CapSense_CSHL.o)
                0x00000eb0                CapSense_IIR4Filter
 .text.CapSense_UpdateBaselineNoThreshold
                0x00000ebc       0xd4 .\CortexM0\ARM_GCC_541\Debug\TFG_BluetoothLowEnergy.a(CapSense_CSHL.o)
                0x00000ebc                CapSense_UpdateBaselineNoThreshold
 .text.CapSense_UpdateSensorBaseline
                0x00000f90        0x8 .\CortexM0\ARM_GCC_541\Debug\TFG_BluetoothLowEnergy.a(CapSense_CSHL.o)
                0x00000f90                CapSense_UpdateSensorBaseline
 .text.CapSense_UpdateEnabledBaselines
                0x00000f98       0x24 .\CortexM0\ARM_GCC_541\Debug\TFG_BluetoothLowEnergy.a(CapSense_CSHL.o)
                0x00000f98                CapSense_UpdateEnabledBaselines
 .text.CapSense_ISR
                0x00000fbc       0x9c .\CortexM0\ARM_GCC_541\Debug\TFG_BluetoothLowEnergy.a(CapSense_INT.o)
                0x00000fbc                CapSense_ISR
 .text.I2C_ScbEnableIntr
                0x00001058        0xc .\CortexM0\ARM_GCC_541\Debug\TFG_BluetoothLowEnergy.a(I2C.o)
 .text.I2C_Init
                0x00001064        0x8 .\CortexM0\ARM_GCC_541\Debug\TFG_BluetoothLowEnergy.a(I2C.o)
                0x00001064                I2C_Init
 .text.I2C_Enable
                0x0000106c       0x18 .\CortexM0\ARM_GCC_541\Debug\TFG_BluetoothLowEnergy.a(I2C.o)
                0x0000106c                I2C_Enable
 .text.I2C_Start
                0x00001084       0x20 .\CortexM0\ARM_GCC_541\Debug\TFG_BluetoothLowEnergy.a(I2C.o)
                0x00001084                I2C_Start
 .text.I2C_I2CInit
                0x000010a4       0xb8 .\CortexM0\ARM_GCC_541\Debug\TFG_BluetoothLowEnergy.a(I2C_I2C.o)
                0x000010a4                I2C_I2CInit
 .text.I2C_I2CFwBlockReset
                0x0000115c       0x5c .\CortexM0\ARM_GCC_541\Debug\TFG_BluetoothLowEnergy.a(I2C_I2C.o)
                0x0000115c                I2C_I2CFwBlockReset
 .text.I2C_I2CMasterWaitOneUnit
                0x000011b8       0x28 .\CortexM0\ARM_GCC_541\Debug\TFG_BluetoothLowEnergy.a(I2C_I2C_MASTER.o)
 .text.I2C_I2CMasterHandleStatus
                0x000011e0       0xc4 .\CortexM0\ARM_GCC_541\Debug\TFG_BluetoothLowEnergy.a(I2C_I2C_MASTER.o)
 .text.I2C_I2CMasterSendStart
                0x000012a4       0xc4 .\CortexM0\ARM_GCC_541\Debug\TFG_BluetoothLowEnergy.a(I2C_I2C_MASTER.o)
                0x000012a4                I2C_I2CMasterSendStart
 .text.I2C_I2CMasterSendStop
                0x00001368       0x58 .\CortexM0\ARM_GCC_541\Debug\TFG_BluetoothLowEnergy.a(I2C_I2C_MASTER.o)
                0x00001368                I2C_I2CMasterSendStop
 .text.I2C_I2CMasterWriteByte
                0x000013c0       0x48 .\CortexM0\ARM_GCC_541\Debug\TFG_BluetoothLowEnergy.a(I2C_I2C_MASTER.o)
                0x000013c0                I2C_I2CMasterWriteByte
 .text.CyBle_ServiceInit
                0x00001408        0x8 .\CortexM0\ARM_GCC_541\Debug\TFG_BluetoothLowEnergy.a(BLE.o)
                0x00001408                CyBle_ServiceInit
 .text.CyBle_Init
                0x00001410       0x24 .\CortexM0\ARM_GCC_541\Debug\TFG_BluetoothLowEnergy.a(BLE.o)
                0x00001410                CyBle_Init
 .text.CyBle_Start
                0x00001434       0xa4 .\CortexM0\ARM_GCC_541\Debug\TFG_BluetoothLowEnergy.a(BLE.o)
                0x00001434                CyBle_Start
 .text.CyBle_GappStartAdvertisement
                0x000014d8       0x90 .\CortexM0\ARM_GCC_541\Debug\TFG_BluetoothLowEnergy.a(BLE.o)
                0x000014d8                CyBle_GappStartAdvertisement
 .text.CyBle_ChangeAdDeviceAddress
                0x00001568        0x4 .\CortexM0\ARM_GCC_541\Debug\TFG_BluetoothLowEnergy.a(BLE.o)
                0x00001568                CyBle_ChangeAdDeviceAddress
 .text.CyBle_Get16ByPtr
                0x0000156c        0xc .\CortexM0\ARM_GCC_541\Debug\TFG_BluetoothLowEnergy.a(BLE.o)
                0x0000156c                CyBle_Get16ByPtr
 .text.CyBle_GattsWriteEventHandler
                0x00001578       0x58 .\CortexM0\ARM_GCC_541\Debug\TFG_BluetoothLowEnergy.a(BLE_gatt.o)
                0x00001578                CyBle_GattsWriteEventHandler
 .text.CyBle_GattDisconnectEventHandler
                0x000015d0       0x10 .\CortexM0\ARM_GCC_541\Debug\TFG_BluetoothLowEnergy.a(BLE_eventHandler.o)
 .text.CyBle_WriteReqHandler
                0x000015e0       0x38 .\CortexM0\ARM_GCC_541\Debug\TFG_BluetoothLowEnergy.a(BLE_eventHandler.o)
 .text.CyBle_IsDeviceAddressValid
                0x00001618       0x24 .\CortexM0\ARM_GCC_541\Debug\TFG_BluetoothLowEnergy.a(BLE_eventHandler.o)
                0x00001618                CyBle_IsDeviceAddressValid
 .text.CyBle_EventHandler
                0x0000163c      0x238 .\CortexM0\ARM_GCC_541\Debug\TFG_BluetoothLowEnergy.a(BLE_eventHandler.o)
                0x0000163c                CyBle_EventHandler
 .text.CyBle_CustomInit
                0x00001874        0x4 .\CortexM0\ARM_GCC_541\Debug\TFG_BluetoothLowEnergy.a(BLE_custom.o)
                0x00001874                CyBle_CustomInit
 .text.DHT_Write
                0x00001878       0x18 .\CortexM0\ARM_GCC_541\Debug\TFG_BluetoothLowEnergy.a(DHT.o)
                0x00001878                DHT_Write
 .text.DHT_Read
                0x00001890       0x10 .\CortexM0\ARM_GCC_541\Debug\TFG_BluetoothLowEnergy.a(DHT.o)
                0x00001890                DHT_Read
 .text.CapSense_SampleClk_StartEx
                0x000018a0       0x1c .\CortexM0\ARM_GCC_541\Debug\TFG_BluetoothLowEnergy.a(CapSense_SampleClk.o)
                0x000018a0                CapSense_SampleClk_StartEx
 .text.CapSense_SampleClk_Stop
                0x000018bc       0x18 .\CortexM0\ARM_GCC_541\Debug\TFG_BluetoothLowEnergy.a(CapSense_SampleClk.o)
                0x000018bc                CapSense_SampleClk_Stop
 .text.CapSense_SampleClk_SetFractionalDividerRegister
                0x000018d4       0x20 .\CortexM0\ARM_GCC_541\Debug\TFG_BluetoothLowEnergy.a(CapSense_SampleClk.o)
                0x000018d4                CapSense_SampleClk_SetFractionalDividerRegister
 .text.CapSense_SenseClk_StartEx
                0x000018f4       0x1c .\CortexM0\ARM_GCC_541\Debug\TFG_BluetoothLowEnergy.a(CapSense_SenseClk.o)
                0x000018f4                CapSense_SenseClk_StartEx
 .text.CapSense_SenseClk_Stop
                0x00001910       0x18 .\CortexM0\ARM_GCC_541\Debug\TFG_BluetoothLowEnergy.a(CapSense_SenseClk.o)
                0x00001910                CapSense_SenseClk_Stop
 .text.CapSense_SenseClk_SetFractionalDividerRegister
                0x00001928       0x20 .\CortexM0\ARM_GCC_541\Debug\TFG_BluetoothLowEnergy.a(CapSense_SenseClk.o)
                0x00001928                CapSense_SenseClk_SetFractionalDividerRegister
 .text.CySysClkEcoReadStatus
                0x00001948       0x10 .\CortexM0\ARM_GCC_541\Debug\TFG_BluetoothLowEnergy.a(CyLib.o)
                0x00001948                CySysClkEcoReadStatus
 .text.CyIntEnable
                0x00001958       0x14 .\CortexM0\ARM_GCC_541\Debug\TFG_BluetoothLowEnergy.a(CyLib.o)
                0x00001958                CyIntEnable
 .text.CyIntDisable
                0x0000196c       0x14 .\CortexM0\ARM_GCC_541\Debug\TFG_BluetoothLowEnergy.a(CyLib.o)
                0x0000196c                CyIntDisable
 .text.CyIntClearPending
                0x00001980       0x14 .\CortexM0\ARM_GCC_541\Debug\TFG_BluetoothLowEnergy.a(CyLib.o)
                0x00001980                CyIntClearPending
 .text.CyHalt   0x00001994        0x4 .\CortexM0\ARM_GCC_541\Debug\TFG_BluetoothLowEnergy.a(CyLib.o)
                0x00001994                CyHalt
 .text.CyIntSetVector
                0x00001998       0x24 .\CortexM0\ARM_GCC_541\Debug\TFG_BluetoothLowEnergy.a(CyLib.o)
                0x00001998                CyIntSetVector
 .text.CyIntSetPriority
                0x000019bc       0x4c .\CortexM0\ARM_GCC_541\Debug\TFG_BluetoothLowEnergy.a(CyLib.o)
                0x000019bc                CyIntSetPriority
 .text.CyDelay  0x00001a08       0x30 .\CortexM0\ARM_GCC_541\Debug\TFG_BluetoothLowEnergy.a(CyLib.o)
                0x00001a08                CyDelay
 .text.CyDelayUs
                0x00001a38       0x14 .\CortexM0\ARM_GCC_541\Debug\TFG_BluetoothLowEnergy.a(CyLib.o)
                0x00001a38                CyDelayUs
 .text.CySysClkWriteImoFreq
                0x00001a4c      0x164 .\CortexM0\ARM_GCC_541\Debug\TFG_BluetoothLowEnergy.a(CyLib.o)
                0x00001a4c                CySysClkWriteImoFreq
 .text.CySysClkEcoStart
                0x00001bb0       0x54 .\CortexM0\ARM_GCC_541\Debug\TFG_BluetoothLowEnergy.a(CyLib.o)
                0x00001bb0                CySysClkEcoStart
 .text.CySysWdtLocked
                0x00001c04       0x14 .\CortexM0\ARM_GCC_541\Debug\TFG_BluetoothLowEnergy.a(CyLFClk.o)
 .text.CySysClkWcoStart
                0x00001c18       0x40 .\CortexM0\ARM_GCC_541\Debug\TFG_BluetoothLowEnergy.a(CyLFClk.o)
                0x00001c18                CySysClkWcoStart
 .text.CySysClkWcoSetPowerMode
                0x00001c58       0x80 .\CortexM0\ARM_GCC_541\Debug\TFG_BluetoothLowEnergy.a(CyLFClk.o)
                0x00001c58                CySysClkWcoSetPowerMode
 .text.CySysWdtLock
                0x00001cd8       0x1c .\CortexM0\ARM_GCC_541\Debug\TFG_BluetoothLowEnergy.a(CyLFClk.o)
                0x00001cd8                CySysWdtLock
 .text.CySysWdtUnlock
                0x00001cf4       0x30 .\CortexM0\ARM_GCC_541\Debug\TFG_BluetoothLowEnergy.a(CyLFClk.o)
                0x00001cf4                CySysWdtUnlock
 .text.CySysWdtClearInterrupt
                0x00001d24       0x4c .\CortexM0\ARM_GCC_541\Debug\TFG_BluetoothLowEnergy.a(CyLFClk.o)
                0x00001d24                CySysWdtClearInterrupt
 .text.CySysWdtIsr
                0x00001d70       0xa4 .\CortexM0\ARM_GCC_541\Debug\TFG_BluetoothLowEnergy.a(CyLFClk.o)
                0x00001d70                CySysWdtIsr
 *fill*         0x00001e14        0x4 
 .text          0x00001e18       0x20 .\CortexM0\ARM_GCC_541\Debug\TFG_BluetoothLowEnergy.a(CyBootAsmGnu.o)
                0x00001e18                CyDelayCycles
                0x00001e2a                CyEnterCriticalSection
                0x00001e32                CyExitCriticalSection
 .text.I2C_I2C_ISR
                0x00001e38      0x340 .\CortexM0\ARM_GCC_541\Debug\TFG_BluetoothLowEnergy.a(I2C_I2C_INT.o)
                0x00001e38                I2C_I2C_ISR
 .text.CyBLE_Bless_LlRegWrite
                0x00002178        0x4 .\CortexM0\ARM_GCC_541\Debug\TFG_BluetoothLowEnergy.a(BLE_HAL_PVT.o)
                0x00002178                CyBLE_Bless_LlRegWrite
 .text.CyBLE_Bless_RfRegWrite
                0x0000217c        0x4 .\CortexM0\ARM_GCC_541\Debug\TFG_BluetoothLowEnergy.a(BLE_HAL_PVT.o)
                0x0000217c                CyBLE_Bless_RfRegWrite
 .text.CyBLE_BlessDeviceConfig
                0x00002180      0x134 .\CortexM0\ARM_GCC_541\Debug\TFG_BluetoothLowEnergy.a(BLE_HAL_PVT.o)
                0x00002180                CyBLE_BlessDeviceConfig
 .text.CyBleHal_DelayUs
                0x000022b4        0x8 .\CortexM0\ARM_GCC_541\Debug\TFG_BluetoothLowEnergy.a(BLE_HAL_PVT.o)
                0x000022b4                CyBleHal_DelayUs
 .text.CyBleHal_DelayMs
                0x000022bc        0x8 .\CortexM0\ARM_GCC_541\Debug\TFG_BluetoothLowEnergy.a(BLE_HAL_PVT.o)
                0x000022bc                CyBleHal_DelayMs
 .text.CyBleHal_EnableGlobalInterrupts
                0x000022c4        0x8 .\CortexM0\ARM_GCC_541\Debug\TFG_BluetoothLowEnergy.a(BLE_HAL_PVT.o)
                0x000022c4                CyBleHal_EnableGlobalInterrupts
 .text.CyBleHal_DisableGlobalInterrupts
                0x000022cc        0x8 .\CortexM0\ARM_GCC_541\Debug\TFG_BluetoothLowEnergy.a(BLE_HAL_PVT.o)
                0x000022cc                CyBleHal_DisableGlobalInterrupts
 .text.CyBle_HalInit
                0x000022d4       0x18 .\CortexM0\ARM_GCC_541\Debug\TFG_BluetoothLowEnergy.a(BLE_HAL_PVT.o)
                0x000022d4                CyBle_HalInit
 .text.CYBLE_BlessStart
                0x000022ec       0x10 .\CortexM0\ARM_GCC_541\Debug\TFG_BluetoothLowEnergy.a(BLE_HAL_PVT.o)
                0x000022ec                CYBLE_BlessStart
 .text.CyBLE_GetIpBlockVersion
                0x000022fc        0x8 .\CortexM0\ARM_GCC_541\Debug\TFG_BluetoothLowEnergy.a(BLE_HAL_PVT.o)
                0x000022fc                CyBLE_GetIpBlockVersion
 .text.CyBle_Hal_pairing_local_public_key_handler
                0x00002304        0x4 .\CortexM0\ARM_GCC_541\Debug\TFG_BluetoothLowEnergy.a(BLE_HAL_PVT.o)
                0x00002304                CyBle_Hal_pairing_local_public_key_handler
 .text.CyBle_Hal_pairing_remote_key_handler
                0x00002308        0x4 .\CortexM0\ARM_GCC_541\Debug\TFG_BluetoothLowEnergy.a(BLE_HAL_PVT.o)
                0x00002308                CyBle_Hal_pairing_remote_key_handler
 .text.CyBle_Hal_pairing_dhkey_handler
                0x0000230c        0x4 .\CortexM0\ARM_GCC_541\Debug\TFG_BluetoothLowEnergy.a(BLE_HAL_PVT.o)
                0x0000230c                CyBle_Hal_pairing_dhkey_handler
 .text.CyBle_Hal_pairing_dhkey_check_handler
                0x00002310        0x4 .\CortexM0\ARM_GCC_541\Debug\TFG_BluetoothLowEnergy.a(BLE_HAL_PVT.o)
                0x00002310                CyBle_Hal_pairing_dhkey_check_handler
 .text.CyBle_Hal_pairing_keypress_notification_handler
                0x00002314        0x4 .\CortexM0\ARM_GCC_541\Debug\TFG_BluetoothLowEnergy.a(BLE_HAL_PVT.o)
                0x00002314                CyBle_Hal_pairing_keypress_notification_handler
 .text.CyBle_Hal_pairing_rand_handler
                0x00002318        0x4 .\CortexM0\ARM_GCC_541\Debug\TFG_BluetoothLowEnergy.a(BLE_HAL_PVT.o)
                0x00002318                CyBle_Hal_pairing_rand_handler
 .text.CyBle_Hal_pairing_confirm_handler
                0x0000231c        0x4 .\CortexM0\ARM_GCC_541\Debug\TFG_BluetoothLowEnergy.a(BLE_HAL_PVT.o)
                0x0000231c                CyBle_Hal_pairing_confirm_handler
 .text.CyBle_Hal_pairing_lr_confirming_handler
                0x00002320        0x4 .\CortexM0\ARM_GCC_541\Debug\TFG_BluetoothLowEnergy.a(BLE_HAL_PVT.o)
                0x00002320                CyBle_Hal_pairing_lr_confirming_handler
 .text.CyBle_Hal_pairing_sc_tbx_local_pubkey_generate_complete
                0x00002324        0x4 .\CortexM0\ARM_GCC_541\Debug\TFG_BluetoothLowEnergy.a(BLE_HAL_PVT.o)
                0x00002324                CyBle_Hal_pairing_sc_tbx_local_pubkey_generate_complete
 .text.CyBle_Hal_pairing_sc_generate_local_P256_public_key
                0x00002328        0x4 .\CortexM0\ARM_GCC_541\Debug\TFG_BluetoothLowEnergy.a(BLE_HAL_PVT.o)
                0x00002328                CyBle_Hal_pairing_sc_generate_local_P256_public_key
 .text.CyBle_Hal_se_smp_sc_user_passkey_handler
                0x0000232c        0x4 .\CortexM0\ARM_GCC_541\Debug\TFG_BluetoothLowEnergy.a(BLE_HAL_PVT.o)
                0x0000232c                CyBle_Hal_se_smp_sc_user_passkey_handler
 .text.CyBle_Hal_EccPointMult
                0x00002330        0x4 .\CortexM0\ARM_GCC_541\Debug\TFG_BluetoothLowEnergy.a(BLE_HAL_PVT.o)
                0x00002330                CyBle_Hal_EccPointMult
 .text.BLE_bless_isr_SetVector
                0x00002334        0xc .\CortexM0\ARM_GCC_541\Debug\TFG_BluetoothLowEnergy.a(BLE_bless_isr.o)
                0x00002334                BLE_bless_isr_SetVector
 .text.BLE_bless_isr_SetPriority
                0x00002340       0x20 .\CortexM0\ARM_GCC_541\Debug\TFG_BluetoothLowEnergy.a(BLE_bless_isr.o)
                0x00002340                BLE_bless_isr_SetPriority
 .text.BLE_bless_isr_Enable
                0x00002360       0x10 .\CortexM0\ARM_GCC_541\Debug\TFG_BluetoothLowEnergy.a(BLE_bless_isr.o)
                0x00002360                BLE_bless_isr_Enable
 .text.BLE_bless_isr_Disable
                0x00002370       0x10 .\CortexM0\ARM_GCC_541\Debug\TFG_BluetoothLowEnergy.a(BLE_bless_isr.o)
                0x00002370                BLE_bless_isr_Disable
 .text.BLE_bless_isr_StartEx
                0x00002380       0x1c .\CortexM0\ARM_GCC_541\Debug\TFG_BluetoothLowEnergy.a(BLE_bless_isr.o)
                0x00002380                BLE_bless_isr_StartEx
 .text.CySysPmSleep
                0x0000239c       0x1c .\CortexM0\ARM_GCC_541\Debug\TFG_BluetoothLowEnergy.a(cyPm.o)
                0x0000239c                CySysPmSleep
 .text.CyBLE_Bless_Interrupt
                0x000023b8        0x8 .\CortexM0\ARM_GCC_541\Debug\TFG_BluetoothLowEnergy.a(BLE_HAL_INT.o)
                0x000023b8                CyBLE_Bless_Interrupt
 .text          0x000023c0      0x114 c:/program files (x86)/cypress/psoc creator/4.2/psoc creator/import/gnu/arm/5.4.1/bin/../lib/gcc/arm-none-eabi/5.4.1/armv6-m\libgcc.a(_udivsi3.o)
                0x000023c0                __aeabi_uidiv
                0x000023c0                __udivsi3
                0x000024cc                __aeabi_uidivmod
 .text          0x000024d4      0x1d4 c:/program files (x86)/cypress/psoc creator/4.2/psoc creator/import/gnu/arm/5.4.1/bin/../lib/gcc/arm-none-eabi/5.4.1/armv6-m\libgcc.a(_divsi3.o)
                0x000024d4                __divsi3
                0x000024d4                __aeabi_idiv
                0x000026a0                __aeabi_idivmod
 .text          0x000026a8        0x4 c:/program files (x86)/cypress/psoc creator/4.2/psoc creator/import/gnu/arm/5.4.1/bin/../lib/gcc/arm-none-eabi/5.4.1/armv6-m\libgcc.a(_dvmd_tls.o)
                0x000026a8                __aeabi_idiv0
                0x000026a8                __aeabi_ldiv0
 .text.__errno  0x000026ac        0xc c:/program files (x86)/cypress/psoc creator/4.2/psoc creator/import/gnu/arm/5.4.1/bin/../lib/gcc/arm-none-eabi/5.4.1/../../../../arm-none-eabi/lib/armv6-m\libg_nano.a(lib_a-errno.o)
                0x000026ac                __errno
 .text.__libc_init_array
                0x000026b8       0x4c c:/program files (x86)/cypress/psoc creator/4.2/psoc creator/import/gnu/arm/5.4.1/bin/../lib/gcc/arm-none-eabi/5.4.1/../../../../arm-none-eabi/lib/armv6-m\libg_nano.a(lib_a-init.o)
                0x000026b8                __libc_init_array
 .text.memcmp   0x00002704       0x1e c:/program files (x86)/cypress/psoc creator/4.2/psoc creator/import/gnu/arm/5.4.1/bin/../lib/gcc/arm-none-eabi/5.4.1/../../../../arm-none-eabi/lib/armv6-m\libg_nano.a(lib_a-memcmp.o)
                0x00002704                memcmp
 .text.memcpy   0x00002722       0x12 c:/program files (x86)/cypress/psoc creator/4.2/psoc creator/import/gnu/arm/5.4.1/bin/../lib/gcc/arm-none-eabi/5.4.1/../../../../arm-none-eabi/lib/armv6-m\libg_nano.a(lib_a-memcpy-stub.o)
                0x00002722                memcpy
 .text.memset   0x00002734       0x10 c:/program files (x86)/cypress/psoc creator/4.2/psoc creator/import/gnu/arm/5.4.1/bin/../lib/gcc/arm-none-eabi/5.4.1/../../../../arm-none-eabi/lib/armv6-m\libg_nano.a(lib_a-memset.o)
                0x00002734                memset
 .text.sprintf  0x00002744       0x44 c:/program files (x86)/cypress/psoc creator/4.2/psoc creator/import/gnu/arm/5.4.1/bin/../lib/gcc/arm-none-eabi/5.4.1/../../../../arm-none-eabi/lib/armv6-m\libg_nano.a(lib_a-sprintf.o)
                0x00002744                siprintf
                0x00002744                sprintf
 .text          0x00002788        0xe c:/program files (x86)/cypress/psoc creator/4.2/psoc creator/import/gnu/arm/5.4.1/bin/../lib/gcc/arm-none-eabi/5.4.1/../../../../arm-none-eabi/lib/armv6-m\libg_nano.a(lib_a-strlen.o)
                0x00002788                strlen
 *fill*         0x00002796        0x2 
 .text.__ssputs_r
                0x00002798       0xc4 c:/program files (x86)/cypress/psoc creator/4.2/psoc creator/import/gnu/arm/5.4.1/bin/../lib/gcc/arm-none-eabi/5.4.1/../../../../arm-none-eabi/lib/armv6-m\libg_nano.a(lib_a-nano-svfprintf.o)
                0x00002798                __ssputs_r
 .text._svfprintf_r
                0x0000285c      0x1fc c:/program files (x86)/cypress/psoc creator/4.2/psoc creator/import/gnu/arm/5.4.1/bin/../lib/gcc/arm-none-eabi/5.4.1/../../../../arm-none-eabi/lib/armv6-m\libg_nano.a(lib_a-nano-svfprintf.o)
                0x0000285c                _svfiprintf_r
                0x0000285c                _svfprintf_r
 .text._printf_common
                0x00002a58       0xdc c:/program files (x86)/cypress/psoc creator/4.2/psoc creator/import/gnu/arm/5.4.1/bin/../lib/gcc/arm-none-eabi/5.4.1/../../../../arm-none-eabi/lib/armv6-m\libg_nano.a(lib_a-nano-vfprintf_i.o)
                0x00002a58                _printf_common
 .text._printf_i
                0x00002b34      0x244 c:/program files (x86)/cypress/psoc creator/4.2/psoc creator/import/gnu/arm/5.4.1/bin/../lib/gcc/arm-none-eabi/5.4.1/../../../../arm-none-eabi/lib/armv6-m\libg_nano.a(lib_a-nano-vfprintf_i.o)
                0x00002b34                _printf_i
 .text.memchr   0x00002d78       0x16 c:/program files (x86)/cypress/psoc creator/4.2/psoc creator/import/gnu/arm/5.4.1/bin/../lib/gcc/arm-none-eabi/5.4.1/../../../../arm-none-eabi/lib/armv6-m\libg_nano.a(lib_a-memchr-stub.o)
                0x00002d78                memchr
 .text.memmove  0x00002d8e       0x2a c:/program files (x86)/cypress/psoc creator/4.2/psoc creator/import/gnu/arm/5.4.1/bin/../lib/gcc/arm-none-eabi/5.4.1/../../../../arm-none-eabi/lib/armv6-m\libg_nano.a(lib_a-memmove.o)
                0x00002d8e                memmove
 .text._free_r  0x00002db8       0x98 c:/program files (x86)/cypress/psoc creator/4.2/psoc creator/import/gnu/arm/5.4.1/bin/../lib/gcc/arm-none-eabi/5.4.1/../../../../arm-none-eabi/lib/armv6-m\libg_nano.a(lib_a-nano-freer.o)
                0x00002db8                _free_r
 .text._malloc_r
                0x00002e50       0xc0 c:/program files (x86)/cypress/psoc creator/4.2/psoc creator/import/gnu/arm/5.4.1/bin/../lib/gcc/arm-none-eabi/5.4.1/../../../../arm-none-eabi/lib/armv6-m\libg_nano.a(lib_a-nano-mallocr.o)
                0x00002e50                _malloc_r
 .text._realloc_r
                0x00002f10       0x4c c:/program files (x86)/cypress/psoc creator/4.2/psoc creator/import/gnu/arm/5.4.1/bin/../lib/gcc/arm-none-eabi/5.4.1/../../../../arm-none-eabi/lib/armv6-m\libg_nano.a(lib_a-nano-reallocr.o)
                0x00002f10                _realloc_r
 .text._sbrk_r  0x00002f5c       0x24 c:/program files (x86)/cypress/psoc creator/4.2/psoc creator/import/gnu/arm/5.4.1/bin/../lib/gcc/arm-none-eabi/5.4.1/../../../../arm-none-eabi/lib/armv6-m\libg_nano.a(lib_a-sbrkr.o)
                0x00002f5c                _sbrk_r
 .text.__malloc_lock
                0x00002f80        0x2 c:/program files (x86)/cypress/psoc creator/4.2/psoc creator/import/gnu/arm/5.4.1/bin/../lib/gcc/arm-none-eabi/5.4.1/../../../../arm-none-eabi/lib/armv6-m\libg_nano.a(lib_a-mlock.o)
                0x00002f80                __malloc_lock
 .text.__malloc_unlock
                0x00002f82        0x2 c:/program files (x86)/cypress/psoc creator/4.2/psoc creator/import/gnu/arm/5.4.1/bin/../lib/gcc/arm-none-eabi/5.4.1/../../../../arm-none-eabi/lib/armv6-m\libg_nano.a(lib_a-mlock.o)
                0x00002f82                __malloc_unlock
 .text._malloc_usable_size_r
                0x00002f84       0x16 c:/program files (x86)/cypress/psoc creator/4.2/psoc creator/import/gnu/arm/5.4.1/bin/../lib/gcc/arm-none-eabi/5.4.1/../../../../arm-none-eabi/lib/armv6-m\libg_nano.a(lib_a-nano-msizer.o)
                0x00002f84                _malloc_usable_size_r
 *(.plt)
 *(.gnu.warning)
 *(.glue_7t)
 .glue_7t       0x00002f9a        0x0 linker stubs
 *(.glue_7)
 .glue_7        0x00002f9a        0x0 linker stubs
 *(.vfp11_veneer)
 .vfp11_veneer  0x00002f9a        0x0 linker stubs
 *(.bootloader)
 *(.ARM.extab* .gnu.linkonce.armextab.*)
 *(.gcc_except_table)

.v4_bx          0x00002f9c        0x0
 .v4_bx         0x00002f9c        0x0 linker stubs

.iplt           0x00002f9c        0x0
 .iplt          0x00002f9c        0x0 c:/program files (x86)/cypress/psoc creator/4.2/psoc creator/import/gnu/arm/5.4.1/bin/../lib/gcc/arm-none-eabi/5.4.1/armv6-m/crtbegin.o

i.CyBle_ControllerGetFeatureHeapReq
                0x00002f9c       0x58
 i.CyBle_ControllerGetFeatureHeapReq
                0x00002f9c       0x58 ..\..\Documents\PSoC Creator\4.2\Downloads ( 4.2).cylib\BLE_v3_60\Library\gccCyBLEStack_BLE_SOC_PERIPHERAL.a(CyBle.o)
                0x00002f9c                CyBle_ControllerGetFeatureHeapReq

i.CyBle_EnableDefaultDevicePrivacy
                0x00002ff4        0x8
 i.CyBle_EnableDefaultDevicePrivacy
                0x00002ff4        0x8 ..\..\Documents\PSoC Creator\4.2\Downloads ( 4.2).cylib\BLE_v3_60\Library\gccCyBLEStack_BLE_SOC_PERIPHERAL.a(CyBle.o)
                0x00002ff4                CyBle_EnableDefaultDevicePrivacy

i.CyBle_ExitLPM
                0x00002ffc        0x8
 i.CyBle_ExitLPM
                0x00002ffc        0x8 ..\..\Documents\PSoC Creator\4.2\Downloads ( 4.2).cylib\BLE_v3_60\Library\gccCyBLEStack_BLE_SOC_PERIPHERAL.a(CyBle.o)
                0x00002ffc                CyBle_ExitLPM

i.CyBle_ProcessEvents
                0x00003004        0x8
 i.CyBle_ProcessEvents
                0x00003004        0x8 ..\..\Documents\PSoC Creator\4.2\Downloads ( 4.2).cylib\BLE_v3_60\Library\gccCyBLEStack_BLE_SOC_PERIPHERAL.a(CyBle.o)
                0x00003004                CyBle_ProcessEvents

i.CyBle_SetDeviceAddress
                0x0000300c       0x24
 i.CyBle_SetDeviceAddress
                0x0000300c       0x24 ..\..\Documents\PSoC Creator\4.2\Downloads ( 4.2).cylib\BLE_v3_60\Library\gccCyBLEStack_BLE_SOC_PERIPHERAL.a(CyBle.o)
                0x0000300c                CyBle_SetDeviceAddress

i.CyBle_StackGetFeatureConfig
                0x00003030       0x38
 i.CyBle_StackGetFeatureConfig
                0x00003030       0x38 ..\..\Documents\PSoC Creator\4.2\Downloads ( 4.2).cylib\BLE_v3_60\Library\gccCyBLEStack_BLE_SOC_PERIPHERAL.a(CyBle.o)
                0x00003030                CyBle_StackGetFeatureConfig

i.CyBle_StackInit
                0x00003068      0x154
 i.CyBle_StackInit
                0x00003068      0x154 ..\..\Documents\PSoC Creator\4.2\Downloads ( 4.2).cylib\BLE_v3_60\Library\gccCyBLEStack_BLE_SOC_PERIPHERAL.a(CyBle.o)
                0x00003068                CyBle_StackInit

i.CyBle_StackSetFeatureConfig
                0x000031bc       0xe8
 i.CyBle_StackSetFeatureConfig
                0x000031bc       0xe8 ..\..\Documents\PSoC Creator\4.2\Downloads ( 4.2).cylib\BLE_v3_60\Library\gccCyBLEStack_BLE_SOC_PERIPHERAL.a(CyBle.o)
                0x000031bc                CyBle_StackSetFeatureConfig

i.CyBle_StackValidateInputParams
                0x000032a4       0xf4
 i.CyBle_StackValidateInputParams
                0x000032a4       0xf4 ..\..\Documents\PSoC Creator\4.2\Downloads ( 4.2).cylib\BLE_v3_60\Library\gccCyBLEStack_BLE_SOC_PERIPHERAL.a(CyBle.o)

i.__ARM_common_switch8
                0x00003398       0x1a
 i.__ARM_common_switch8
                0x00003398       0x1a ..\..\Documents\PSoC Creator\4.2\Downloads ( 4.2).cylib\BLE_v3_60\Library\gccCyBLEStack_BLE_SOC_PERIPHERAL.a(CyBle.o)
                0x00003398                __ARM_common_switch8

i.CyBleStackMgr_Init
                0x000033b4      0x10c
 i.CyBleStackMgr_Init
                0x000033b4      0x10c ..\..\Documents\PSoC Creator\4.2\Downloads ( 4.2).cylib\BLE_v3_60\Library\gccCyBLEStack_BLE_SOC_PERIPHERAL.a(CyBleStackMgrIP_Interface.o)
                0x000033b4                CyBleStackMgr_Init

i.CyBleStackMgr_ProcessBleEvents
                0x000034c0       0x14
 i.CyBleStackMgr_ProcessBleEvents
                0x000034c0       0x14 ..\..\Documents\PSoC Creator\4.2\Downloads ( 4.2).cylib\BLE_v3_60\Library\gccCyBLEStack_BLE_SOC_PERIPHERAL.a(CyBleStackMgrIP_Interface.o)
                0x000034c0                CyBleStackMgr_ProcessBleEvents

i.CyBle_GetHeapMemory
                0x000034d4       0x28
 i.CyBle_GetHeapMemory
                0x000034d4       0x28 ..\..\Documents\PSoC Creator\4.2\Downloads ( 4.2).cylib\BLE_v3_60\Library\gccCyBLEStack_BLE_SOC_PERIPHERAL.a(CyBleStackMgrIP_Interface.o)
                0x000034d4                CyBle_GetHeapMemory

i.CyBle_GetNumAppBufferPools
                0x000034fc        0xc
 i.CyBle_GetNumAppBufferPools
                0x000034fc        0xc ..\..\Documents\PSoC Creator\4.2\Downloads ( 4.2).cylib\BLE_v3_60\Library\gccCyBLEStack_BLE_SOC_PERIPHERAL.a(CyBleStackMgrIP_Interface.o)
                0x000034fc                CyBle_GetNumAppBufferPools

i.CyBle_HostStackBufferPoolInit
                0x00003508       0xec
 i.CyBle_HostStackBufferPoolInit
                0x00003508       0xec ..\..\Documents\PSoC Creator\4.2\Downloads ( 4.2).cylib\BLE_v3_60\Library\gccCyBLEStack_BLE_SOC_PERIPHERAL.a(CyBleStackMgrIP_Interface.o)

i.ble_stack_idle_task_callback
                0x000035f4        0x2
 i.ble_stack_idle_task_callback
                0x000035f4        0x2 ..\..\Documents\PSoC Creator\4.2\Downloads ( 4.2).cylib\BLE_v3_60\Library\gccCyBLEStack_BLE_SOC_PERIPHERAL.a(CyBleStackMgrIP_Interface.o)
                0x000035f4                ble_stack_idle_task_callback

i.BT_OSFreeBuf  0x000035f8       0x20
 i.BT_OSFreeBuf
                0x000035f8       0x20 ..\..\Documents\PSoC Creator\4.2\Downloads ( 4.2).cylib\BLE_v3_60\Library\gccCyBLEStack_BLE_SOC_PERIPHERAL.a(BT_os.o)
                0x000035f8                BT_OSFreeBuf

i.BT_OSGetBuF   0x00003618       0x34
 i.BT_OSGetBuF  0x00003618       0x34 ..\..\Documents\PSoC Creator\4.2\Downloads ( 4.2).cylib\BLE_v3_60\Library\gccCyBLEStack_BLE_SOC_PERIPHERAL.a(BT_os.o)
                0x00003618                BT_OSGetBuF

i.BT_OSMemCreate
                0x0000364c       0x3c
 i.BT_OSMemCreate
                0x0000364c       0x3c ..\..\Documents\PSoC Creator\4.2\Downloads ( 4.2).cylib\BLE_v3_60\Library\gccCyBLEStack_BLE_SOC_PERIPHERAL.a(BT_os.o)
                0x0000364c                BT_OSMemCreate

i.BT_alloc_mem_ext
                0x00003688       0x3c
 i.BT_alloc_mem_ext
                0x00003688       0x3c ..\..\Documents\PSoC Creator\4.2\Downloads ( 4.2).cylib\BLE_v3_60\Library\gccCyBLEStack_BLE_SOC_PERIPHERAL.a(BT_os.o)
                0x00003688                BT_alloc_mem_ext

i.BT_free_mem   0x000036c4        0xc
 i.BT_free_mem  0x000036c4        0xc ..\..\Documents\PSoC Creator\4.2\Downloads ( 4.2).cylib\BLE_v3_60\Library\gccCyBLEStack_BLE_SOC_PERIPHERAL.a(BT_os.o)
                0x000036c4                BT_free_mem

i.bt_stack_create_buffer_pool
                0x000036d0       0x30
 i.bt_stack_create_buffer_pool
                0x000036d0       0x30 ..\..\Documents\PSoC Creator\4.2\Downloads ( 4.2).cylib\BLE_v3_60\Library\gccCyBLEStack_BLE_SOC_PERIPHERAL.a(BT_os.o)
                0x000036d0                bt_stack_create_buffer_pool

i.BT_start_timer
                0x00003700       0xa8
 i.BT_start_timer
                0x00003700       0xa8 ..\..\Documents\PSoC Creator\4.2\Downloads ( 4.2).cylib\BLE_v3_60\Library\gccCyBLEStack_BLE_SOC_PERIPHERAL.a(BT_timer.o)
                0x00003700                BT_start_timer

i.BT_stop_timer
                0x000037a8       0x64
 i.BT_stop_timer
                0x000037a8       0x64 ..\..\Documents\PSoC Creator\4.2\Downloads ( 4.2).cylib\BLE_v3_60\Library\gccCyBLEStack_BLE_SOC_PERIPHERAL.a(BT_timer.o)
                0x000037a8                BT_stop_timer

i.BT_timer_process_signals
                0x0000380c       0xa4
 i.BT_timer_process_signals
                0x0000380c       0xa4 ..\..\Documents\PSoC Creator\4.2\Downloads ( 4.2).cylib\BLE_v3_60\Library\gccCyBLEStack_BLE_SOC_PERIPHERAL.a(BT_timer.o)
                0x0000380c                BT_timer_process_signals

i.pf_timer_handle_callback
                0x000038b0       0x20
 i.pf_timer_handle_callback
                0x000038b0       0x20 ..\..\Documents\PSoC Creator\4.2\Downloads ( 4.2).cylib\BLE_v3_60\Library\gccCyBLEStack_BLE_SOC_PERIPHERAL.a(BT_timer.o)
                0x000038b0                pf_timer_handle_callback

i.timer_active_entity
                0x000038d0       0x24
 i.timer_active_entity
                0x000038d0       0x24 ..\..\Documents\PSoC Creator\4.2\Downloads ( 4.2).cylib\BLE_v3_60\Library\gccCyBLEStack_BLE_SOC_PERIPHERAL.a(BT_timer.o)
                0x000038d0                timer_active_entity

i.timer_alloc_entity
                0x000038f4       0x1c
 i.timer_alloc_entity
                0x000038f4       0x1c ..\..\Documents\PSoC Creator\4.2\Downloads ( 4.2).cylib\BLE_v3_60\Library\gccCyBLEStack_BLE_SOC_PERIPHERAL.a(BT_timer.o)
                0x000038f4                timer_alloc_entity

i.timer_allocated_entity
                0x00003910       0x34
 i.timer_allocated_entity
                0x00003910       0x34 ..\..\Documents\PSoC Creator\4.2\Downloads ( 4.2).cylib\BLE_v3_60\Library\gccCyBLEStack_BLE_SOC_PERIPHERAL.a(BT_timer.o)
                0x00003910                timer_allocated_entity

i.timer_bt_init
                0x00003944        0x2
 i.timer_bt_init
                0x00003944        0x2 ..\..\Documents\PSoC Creator\4.2\Downloads ( 4.2).cylib\BLE_v3_60\Library\gccCyBLEStack_BLE_SOC_PERIPHERAL.a(BT_timer.o)
                0x00003944                timer_bt_init

i.timer_init    0x00003948       0x28
 i.timer_init   0x00003948       0x28 ..\..\Documents\PSoC Creator\4.2\Downloads ( 4.2).cylib\BLE_v3_60\Library\gccCyBLEStack_BLE_SOC_PERIPHERAL.a(BT_timer.o)
                0x00003948                timer_init

i.timer_update_offsets
                0x00003970       0x2c
 i.timer_update_offsets
                0x00003970       0x2c ..\..\Documents\PSoC Creator\4.2\Downloads ( 4.2).cylib\BLE_v3_60\Library\gccCyBLEStack_BLE_SOC_PERIPHERAL.a(BT_timer.o)

i.CyBle_CheckBleStackTaskStatus
                0x0000399c        0x4
 i.CyBle_CheckBleStackTaskStatus
                0x0000399c        0x4 ..\..\Documents\PSoC Creator\4.2\Downloads ( 4.2).cylib\BLE_v3_60\Library\gccCyBLEStack_BLE_SOC_PERIPHERAL.a(CyBleStackMgr_StackTaskHandler.o)
                0x0000399c                CyBle_CheckBleStackTaskStatus

i.CyBle_CreateBleStackTask
                0x000039a0       0x2c
 i.CyBle_CreateBleStackTask
                0x000039a0       0x2c ..\..\Documents\PSoC Creator\4.2\Downloads ( 4.2).cylib\BLE_v3_60\Library\gccCyBLEStack_BLE_SOC_PERIPHERAL.a(CyBleStackMgr_StackTaskHandler.o)
                0x000039a0                CyBle_CreateBleStackTask

i.CyBle_SignalBleStackTask
                0x000039cc       0x50
 i.CyBle_SignalBleStackTask
                0x000039cc       0x50 ..\..\Documents\PSoC Creator\4.2\Downloads ( 4.2).cylib\BLE_v3_60\Library\gccCyBLEStack_BLE_SOC_PERIPHERAL.a(CyBleStackMgr_StackTaskHandler.o)
                0x000039cc                CyBle_SignalBleStackTask

i.CyBle_StackTaskHandler
                0x00003a1c       0x64
 i.CyBle_StackTaskHandler
                0x00003a1c       0x64 ..\..\Documents\PSoC Creator\4.2\Downloads ( 4.2).cylib\BLE_v3_60\Library\gccCyBLEStack_BLE_SOC_PERIPHERAL.a(CyBleStackMgr_StackTaskHandler.o)
                0x00003a1c                CyBle_StackTaskHandler

i.hci_soft_transport_notify_data_received
                0x00003a80        0xc
 i.hci_soft_transport_notify_data_received
                0x00003a80        0xc ..\..\Documents\PSoC Creator\4.2\Downloads ( 4.2).cylib\BLE_v3_60\Library\gccCyBLEStack_BLE_SOC_PERIPHERAL.a(transport_sf.o)
                0x00003a80                hci_soft_transport_notify_data_received

i.hci_soft_transport_rx_data
                0x00003a8c       0x40
 i.hci_soft_transport_rx_data
                0x00003a8c       0x40 ..\..\Documents\PSoC Creator\4.2\Downloads ( 4.2).cylib\BLE_v3_60\Library\gccCyBLEStack_BLE_SOC_PERIPHERAL.a(transport_sf.o)
                0x00003a8c                hci_soft_transport_rx_data

i.hci_transport_bt_init
                0x00003acc        0x2
 i.hci_transport_bt_init
                0x00003acc        0x2 ..\..\Documents\PSoC Creator\4.2\Downloads ( 4.2).cylib\BLE_v3_60\Library\gccCyBLEStack_BLE_SOC_PERIPHERAL.a(transport_sf.o)
                0x00003acc                hci_transport_bt_init

i.hci_transport_init
                0x00003ad0       0x10
 i.hci_transport_init
                0x00003ad0       0x10 ..\..\Documents\PSoC Creator\4.2\Downloads ( 4.2).cylib\BLE_v3_60\Library\gccCyBLEStack_BLE_SOC_PERIPHERAL.a(transport_sf.o)
                0x00003ad0                hci_transport_init

i.hci_transport_write_data
                0x00003ae0       0xd4
 i.hci_transport_write_data
                0x00003ae0       0xd4 ..\..\Documents\PSoC Creator\4.2\Downloads ( 4.2).cylib\BLE_v3_60\Library\gccCyBLEStack_BLE_SOC_PERIPHERAL.a(transport_sf.o)
                0x00003ae0                hci_transport_write_data

i.pf_hci_soft_transport_write
                0x00003bb4       0x44
 i.pf_hci_soft_transport_write
                0x00003bb4       0x44 ..\..\Documents\PSoC Creator\4.2\Downloads ( 4.2).cylib\BLE_v3_60\Library\gccCyBLEStack_BLE_SOC_PERIPHERAL.a(transport_sf.o)
                0x00003bb4                pf_hci_soft_transport_write

i.pf_soft_hci_transport_init
                0x00003bf8        0xc
 i.pf_soft_hci_transport_init
                0x00003bf8        0xc ..\..\Documents\PSoC Creator\4.2\Downloads ( 4.2).cylib\BLE_v3_60\Library\gccCyBLEStack_BLE_SOC_PERIPHERAL.a(transport_sf.o)
                0x00003bf8                pf_soft_hci_transport_init

i.CyBleStackMgr_GetTime
                0x00003c04       0x14
 i.CyBleStackMgr_GetTime
                0x00003c04       0x14 ..\..\Documents\PSoC Creator\4.2\Downloads ( 4.2).cylib\BLE_v3_60\Library\gccCyBLEStack_BLE_SOC_PERIPHERAL.a(CyBleStackMgr_PSoCHal.o)
                0x00003c04                CyBleStackMgr_GetTime

i.CyBleStackMgr_HalInit
                0x00003c18       0x24
 i.CyBleStackMgr_HalInit
                0x00003c18       0x24 ..\..\Documents\PSoC Creator\4.2\Downloads ( 4.2).cylib\BLE_v3_60\Library\gccCyBLEStack_BLE_SOC_PERIPHERAL.a(CyBleStackMgr_PSoCHal.o)
                0x00003c18                CyBleStackMgr_HalInit

i.CyBleStackMgr_HalIntrEnable
                0x00003c3c        0x8
 i.CyBleStackMgr_HalIntrEnable
                0x00003c3c        0x8 ..\..\Documents\PSoC Creator\4.2\Downloads ( 4.2).cylib\BLE_v3_60\Library\gccCyBLEStack_BLE_SOC_PERIPHERAL.a(CyBleStackMgr_PSoCHal.o)
                0x00003c3c                CyBleStackMgr_HalIntrEnable

i.CyBleStackMgr_HandleLinkLayerTick
                0x00003c44       0x5c
 i.CyBleStackMgr_HandleLinkLayerTick
                0x00003c44       0x5c ..\..\Documents\PSoC Creator\4.2\Downloads ( 4.2).cylib\BLE_v3_60\Library\gccCyBLEStack_BLE_SOC_PERIPHERAL.a(CyBleStackMgr_PSoCHal.o)
                0x00003c44                CyBleStackMgr_HandleLinkLayerTick

i.CyBleStackMgr_HciPortInit
                0x00003ca0        0xc
 i.CyBleStackMgr_HciPortInit
                0x00003ca0        0xc ..\..\Documents\PSoC Creator\4.2\Downloads ( 4.2).cylib\BLE_v3_60\Library\gccCyBLEStack_BLE_SOC_PERIPHERAL.a(CyBleStackMgr_PSoCHal.o)
                0x00003ca0                CyBleStackMgr_HciPortInit

i.CyBleStackMgr_HciPortReset
                0x00003cac        0x2
 i.CyBleStackMgr_HciPortReset
                0x00003cac        0x2 ..\..\Documents\PSoC Creator\4.2\Downloads ( 4.2).cylib\BLE_v3_60\Library\gccCyBLEStack_BLE_SOC_PERIPHERAL.a(CyBleStackMgr_PSoCHal.o)
                0x00003cac                CyBleStackMgr_HciPortReset

i.CyBleStackMgr_HciPortWrite
                0x00003cae        0x8
 i.CyBleStackMgr_HciPortWrite
                0x00003cae        0x8 ..\..\Documents\PSoC Creator\4.2\Downloads ( 4.2).cylib\BLE_v3_60\Library\gccCyBLEStack_BLE_SOC_PERIPHERAL.a(CyBleStackMgr_PSoCHal.o)
                0x00003cae                CyBleStackMgr_HciPortWrite

i.CyBleStackMgr_ResetLinkLayerTimerEntity
                0x00003cb8       0x14
 i.CyBleStackMgr_ResetLinkLayerTimerEntity
                0x00003cb8       0x14 ..\..\Documents\PSoC Creator\4.2\Downloads ( 4.2).cylib\BLE_v3_60\Library\gccCyBLEStack_BLE_SOC_PERIPHERAL.a(CyBleStackMgr_PSoCHal.o)
                0x00003cb8                CyBleStackMgr_ResetLinkLayerTimerEntity

i.CyBleStackMgr_TimerStart
                0x00003ccc       0x2c
 i.CyBleStackMgr_TimerStart
                0x00003ccc       0x2c ..\..\Documents\PSoC Creator\4.2\Downloads ( 4.2).cylib\BLE_v3_60\Library\gccCyBLEStack_BLE_SOC_PERIPHERAL.a(CyBleStackMgr_PSoCHal.o)
                0x00003ccc                CyBleStackMgr_TimerStart

i.CyBleStackMgr_TimerStop
                0x00003cf8       0x18
 i.CyBleStackMgr_TimerStop
                0x00003cf8       0x18 ..\..\Documents\PSoC Creator\4.2\Downloads ( 4.2).cylib\BLE_v3_60\Library\gccCyBLEStack_BLE_SOC_PERIPHERAL.a(CyBleStackMgr_PSoCHal.o)
                0x00003cf8                CyBleStackMgr_TimerStop

i.CyBleStackMgr_isTimerRunning
                0x00003d10       0x10
 i.CyBleStackMgr_isTimerRunning
                0x00003d10       0x10 ..\..\Documents\PSoC Creator\4.2\Downloads ( 4.2).cylib\BLE_v3_60\Library\gccCyBLEStack_BLE_SOC_PERIPHERAL.a(CyBleStackMgr_PSoCHal.o)
                0x00003d10                CyBleStackMgr_isTimerRunning

i.CyBleAtlantisRadioInit
                0x00003d20      0x168
 i.CyBleAtlantisRadioInit
                0x00003d20      0x168 ..\..\Documents\PSoC Creator\4.2\Downloads ( 4.2).cylib\BLE_v3_60\Library\gccCyBLEStack_BLE_SOC_PERIPHERAL.a(CyBleStackMgr_BleSSDriver.o)

i.CyBleStackMgr_BleSSFifoRead
                0x00003e88       0x38
 i.CyBleStackMgr_BleSSFifoRead
                0x00003e88       0x38 ..\..\Documents\PSoC Creator\4.2\Downloads ( 4.2).cylib\BLE_v3_60\Library\gccCyBLEStack_BLE_SOC_PERIPHERAL.a(CyBleStackMgr_BleSSDriver.o)
                0x00003e88                CyBleStackMgr_BleSSFifoRead

i.CyBleStackMgr_BleSSFifoWrite
                0x00003ec0       0x30
 i.CyBleStackMgr_BleSSFifoWrite
                0x00003ec0       0x30 ..\..\Documents\PSoC Creator\4.2\Downloads ( 4.2).cylib\BLE_v3_60\Library\gccCyBLEStack_BLE_SOC_PERIPHERAL.a(CyBleStackMgr_BleSSDriver.o)
                0x00003ec0                CyBleStackMgr_BleSSFifoWrite

i.CyBleStackMgr_BleSSInit
                0x00003ef0       0x50
 i.CyBleStackMgr_BleSSInit
                0x00003ef0       0x50 ..\..\Documents\PSoC Creator\4.2\Downloads ( 4.2).cylib\BLE_v3_60\Library\gccCyBLEStack_BLE_SOC_PERIPHERAL.a(CyBleStackMgr_BleSSDriver.o)
                0x00003ef0                CyBleStackMgr_BleSSInit

i.CyBleStackMgr_BleSSMemRead
                0x00003f40       0x32
 i.CyBleStackMgr_BleSSMemRead
                0x00003f40       0x32 ..\..\Documents\PSoC Creator\4.2\Downloads ( 4.2).cylib\BLE_v3_60\Library\gccCyBLEStack_BLE_SOC_PERIPHERAL.a(CyBleStackMgr_BleSSDriver.o)
                0x00003f40                CyBleStackMgr_BleSSMemRead

i.CyBleStackMgr_BleSSMemWrite
                0x00003f74       0x34
 i.CyBleStackMgr_BleSSMemWrite
                0x00003f74       0x34 ..\..\Documents\PSoC Creator\4.2\Downloads ( 4.2).cylib\BLE_v3_60\Library\gccCyBLEStack_BLE_SOC_PERIPHERAL.a(CyBleStackMgr_BleSSDriver.o)
                0x00003f74                CyBleStackMgr_BleSSMemWrite

i.CyBleStackMgr_BleSSMemWriteFields
                0x00003fa8       0x78
 i.CyBleStackMgr_BleSSMemWriteFields
                0x00003fa8       0x78 ..\..\Documents\PSoC Creator\4.2\Downloads ( 4.2).cylib\BLE_v3_60\Library\gccCyBLEStack_BLE_SOC_PERIPHERAL.a(CyBleStackMgr_BleSSDriver.o)
                0x00003fa8                CyBleStackMgr_BleSSMemWriteFields

i.CyBleStackMgr_BleSSRegRead
                0x00004020        0xc
 i.CyBleStackMgr_BleSSRegRead
                0x00004020        0xc ..\..\Documents\PSoC Creator\4.2\Downloads ( 4.2).cylib\BLE_v3_60\Library\gccCyBLEStack_BLE_SOC_PERIPHERAL.a(CyBleStackMgr_BleSSDriver.o)
                0x00004020                CyBleStackMgr_BleSSRegRead

i.CyBleStackMgr_BleSSReset
                0x0000402c       0x38
 i.CyBleStackMgr_BleSSReset
                0x0000402c       0x38 ..\..\Documents\PSoC Creator\4.2\Downloads ( 4.2).cylib\BLE_v3_60\Library\gccCyBLEStack_BLE_SOC_PERIPHERAL.a(CyBleStackMgr_BleSSDriver.o)
                0x0000402c                CyBleStackMgr_BleSSReset

i.CyBleStackMgr_GenericIface
                0x00004064       0x3c
 i.CyBleStackMgr_GenericIface
                0x00004064       0x3c ..\..\Documents\PSoC Creator\4.2\Downloads ( 4.2).cylib\BLE_v3_60\Library\gccCyBLEStack_BLE_SOC_PERIPHERAL.a(CyBleStackMgr_BleSSDriver.o)
                0x00004064                CyBleStackMgr_GenericIface

i.CyBleStackMgr_HandleBleSSIntr
                0x000040a0       0xa0
 i.CyBleStackMgr_HandleBleSSIntr
                0x000040a0       0xa0 ..\..\Documents\PSoC Creator\4.2\Downloads ( 4.2).cylib\BLE_v3_60\Library\gccCyBLEStack_BLE_SOC_PERIPHERAL.a(CyBleStackMgr_BleSSDriver.o)
                0x000040a0                CyBleStackMgr_HandleBleSSIntr

i.CyBleStackMgr_SetClockParam
                0x00004140       0xb4
 i.CyBleStackMgr_SetClockParam
                0x00004140       0xb4 ..\..\Documents\PSoC Creator\4.2\Downloads ( 4.2).cylib\BLE_v3_60\Library\gccCyBLEStack_BLE_SOC_PERIPHERAL.a(CyBleStackMgr_BleSSDriver.o)

i.CyBle_ExitDsmMode
                0x000041f4       0x2c
 i.CyBle_ExitDsmMode
                0x000041f4       0x2c ..\..\Documents\PSoC Creator\4.2\Downloads ( 4.2).cylib\BLE_v3_60\Library\gccCyBLEStack_BLE_SOC_PERIPHERAL.a(CyBleStackMgr_BleSSDriver.o)
                0x000041f4                CyBle_ExitDsmMode

i.CyBle_GetBleSsOperationalMode
                0x00004220        0xc
 i.CyBle_GetBleSsOperationalMode
                0x00004220        0xc ..\..\Documents\PSoC Creator\4.2\Downloads ( 4.2).cylib\BLE_v3_60\Library\gccCyBLEStack_BLE_SOC_PERIPHERAL.a(CyBleStackMgr_BleSSDriver.o)
                0x00004220                CyBle_GetBleSsOperationalMode

i.CyBle_GetLpMode
                0x0000422c       0x26
 i.CyBle_GetLpMode
                0x0000422c       0x26 ..\..\Documents\PSoC Creator\4.2\Downloads ( 4.2).cylib\BLE_v3_60\Library\gccCyBLEStack_BLE_SOC_PERIPHERAL.a(CyBleStackMgr_BleSSDriver.o)
                0x0000422c                CyBle_GetLpMode

i.CyBle_GetTxGainMode
                0x00004254       0x2c
 i.CyBle_GetTxGainMode
                0x00004254       0x2c ..\..\Documents\PSoC Creator\4.2\Downloads ( 4.2).cylib\BLE_v3_60\Library\gccCyBLEStack_BLE_SOC_PERIPHERAL.a(CyBleStackMgr_BleSSDriver.o)
                0x00004254                CyBle_GetTxGainMode

i.CyBle_SetBleSsOperationalMode
                0x00004280       0x20
 i.CyBle_SetBleSsOperationalMode
                0x00004280       0x20 ..\..\Documents\PSoC Creator\4.2\Downloads ( 4.2).cylib\BLE_v3_60\Library\gccCyBLEStack_BLE_SOC_PERIPHERAL.a(CyBleStackMgr_BleSSDriver.o)
                0x00004280                CyBle_SetBleSsOperationalMode

i.CyBle_SetEventCloseState
                0x000042a0        0xc
 i.CyBle_SetEventCloseState
                0x000042a0        0xc ..\..\Documents\PSoC Creator\4.2\Downloads ( 4.2).cylib\BLE_v3_60\Library\gccCyBLEStack_BLE_SOC_PERIPHERAL.a(CyBleStackMgr_BleSSDriver.o)
                0x000042a0                CyBle_SetEventCloseState

i.CyBle_SetRxGainMode
                0x000042ac       0x20
 i.CyBle_SetRxGainMode
                0x000042ac       0x20 ..\..\Documents\PSoC Creator\4.2\Downloads ( 4.2).cylib\BLE_v3_60\Library\gccCyBLEStack_BLE_SOC_PERIPHERAL.a(CyBleStackMgr_BleSSDriver.o)
                0x000042ac                CyBle_SetRxGainMode

i.CyBle_SetTxGainMode
                0x000042cc       0x38
 i.CyBle_SetTxGainMode
                0x000042cc       0x38 ..\..\Documents\PSoC Creator\4.2\Downloads ( 4.2).cylib\BLE_v3_60\Library\gccCyBLEStack_BLE_SOC_PERIPHERAL.a(CyBleStackMgr_BleSSDriver.o)
                0x000042cc                CyBle_SetTxGainMode

i.pf_rf_get_abs_rssi
                0x00004304       0x50
 i.pf_rf_get_abs_rssi
                0x00004304       0x50 ..\..\Documents\PSoC Creator\4.2\Downloads ( 4.2).cylib\BLE_v3_60\Library\gccCyBLEStack_BLE_SOC_PERIPHERAL.a(CyBleStackMgr_BleSSDriver.o)
                0x00004304                pf_rf_get_abs_rssi

i.BleStackFlashStorageInit
                0x00004354       0x84
 i.BleStackFlashStorageInit
                0x00004354       0x84 ..\..\Documents\PSoC Creator\4.2\Downloads ( 4.2).cylib\BLE_v3_60\Library\gccCyBLEStack_BLE_SOC_PERIPHERAL.a(storage_pl.o)
                0x00004354                BleStackFlashStorageInit

i.BleStackIsFlashCorrupted
                0x000043d8       0x3c
 i.BleStackIsFlashCorrupted
                0x000043d8       0x3c ..\..\Documents\PSoC Creator\4.2\Downloads ( 4.2).cylib\BLE_v3_60\Library\gccCyBLEStack_BLE_SOC_PERIPHERAL.a(storage_pl.o)
                0x000043d8                BleStackIsFlashCorrupted

i.BleStackWriteToFlashPending
                0x00004414       0x24
 i.BleStackWriteToFlashPending
                0x00004414       0x24 ..\..\Documents\PSoC Creator\4.2\Downloads ( 4.2).cylib\BLE_v3_60\Library\gccCyBLEStack_BLE_SOC_PERIPHERAL.a(storage_pl.o)
                0x00004414                BleStackWriteToFlashPending

i.BleStackWriteToFlashRam
                0x00004438       0x7c
 i.BleStackWriteToFlashRam
                0x00004438       0x7c ..\..\Documents\PSoC Creator\4.2\Downloads ( 4.2).cylib\BLE_v3_60\Library\gccCyBLEStack_BLE_SOC_PERIPHERAL.a(storage_pl.o)
                0x00004438                BleStackWriteToFlashRam

i.calc_checksum
                0x000044b4       0x1a
 i.calc_checksum
                0x000044b4       0x1a ..\..\Documents\PSoC Creator\4.2\Downloads ( 4.2).cylib\BLE_v3_60\Library\gccCyBLEStack_BLE_SOC_PERIPHERAL.a(storage_pl.o)
                0x000044b4                calc_checksum

i.storage_bt_init_pl
                0x000044d0       0x30
 i.storage_bt_init_pl
                0x000044d0       0x30 ..\..\Documents\PSoC Creator\4.2\Downloads ( 4.2).cylib\BLE_v3_60\Library\gccCyBLEStack_BLE_SOC_PERIPHERAL.a(storage_pl.o)
                0x000044d0                storage_bt_init_pl

i.storage_close_pl
                0x00004500        0x4
 i.storage_close_pl
                0x00004500        0x4 ..\..\Documents\PSoC Creator\4.2\Downloads ( 4.2).cylib\BLE_v3_60\Library\gccCyBLEStack_BLE_SOC_PERIPHERAL.a(storage_pl.o)
                0x00004500                storage_close_pl

i.storage_open_pl
                0x00004504       0x1c
 i.storage_open_pl
                0x00004504       0x1c ..\..\Documents\PSoC Creator\4.2\Downloads ( 4.2).cylib\BLE_v3_60\Library\gccCyBLEStack_BLE_SOC_PERIPHERAL.a(storage_pl.o)
                0x00004504                storage_open_pl

i.storage_read_pl
                0x00004520       0x28
 i.storage_read_pl
                0x00004520       0x28 ..\..\Documents\PSoC Creator\4.2\Downloads ( 4.2).cylib\BLE_v3_60\Library\gccCyBLEStack_BLE_SOC_PERIPHERAL.a(storage_pl.o)
                0x00004520                storage_read_pl

i.storage_read_signature_pl
                0x00004548       0x2c
 i.storage_read_signature_pl
                0x00004548       0x2c ..\..\Documents\PSoC Creator\4.2\Downloads ( 4.2).cylib\BLE_v3_60\Library\gccCyBLEStack_BLE_SOC_PERIPHERAL.a(storage_pl.o)
                0x00004548                storage_read_signature_pl

i.storage_register_flash_pointer
                0x00004574       0x20
 i.storage_register_flash_pointer
                0x00004574       0x20 ..\..\Documents\PSoC Creator\4.2\Downloads ( 4.2).cylib\BLE_v3_60\Library\gccCyBLEStack_BLE_SOC_PERIPHERAL.a(storage_pl.o)
                0x00004574                storage_register_flash_pointer

i.storage_reset_storage_offset
                0x00004594       0x10
 i.storage_reset_storage_offset
                0x00004594       0x10 ..\..\Documents\PSoC Creator\4.2\Downloads ( 4.2).cylib\BLE_v3_60\Library\gccCyBLEStack_BLE_SOC_PERIPHERAL.a(storage_pl.o)

i.storage_write_pl
                0x000045a4       0x24
 i.storage_write_pl
                0x000045a4       0x24 ..\..\Documents\PSoC Creator\4.2\Downloads ( 4.2).cylib\BLE_v3_60\Library\gccCyBLEStack_BLE_SOC_PERIPHERAL.a(storage_pl.o)
                0x000045a4                storage_write_pl

i.storage_write_signature_pl
                0x000045c8       0x14
 i.storage_write_signature_pl
                0x000045c8       0x14 ..\..\Documents\PSoC Creator\4.2\Downloads ( 4.2).cylib\BLE_v3_60\Library\gccCyBLEStack_BLE_SOC_PERIPHERAL.a(storage_pl.o)
                0x000045c8                storage_write_signature_pl

i.OS_init       0x000045dc       0x64
 i.OS_init      0x000045dc       0x64 ..\..\Documents\PSoC Creator\4.2\Downloads ( 4.2).cylib\BLE_v3_60\Library\gccCyBLEStack_BLE_SOC_PERIPHERAL.a(mint_os.o)
                0x000045dc                OS_init

i.mintos_malloc
                0x00004640       0x34
 i.mintos_malloc
                0x00004640       0x34 ..\..\Documents\PSoC Creator\4.2\Downloads ( 4.2).cylib\BLE_v3_60\Library\gccCyBLEStack_BLE_SOC_PERIPHERAL.a(mint_os.o)
                0x00004640                mintos_malloc

i.OS_create_queue
                0x00004674       0x64
 i.OS_create_queue
                0x00004674       0x64 ..\..\Documents\PSoC Creator\4.2\Downloads ( 4.2).cylib\BLE_v3_60\Library\gccCyBLEStack_BLE_SOC_PERIPHERAL.a(mint_os_queue.o)
                0x00004674                OS_create_queue

i.OS_enqueue_item
                0x000046d8       0x8c
 i.OS_enqueue_item
                0x000046d8       0x8c ..\..\Documents\PSoC Creator\4.2\Downloads ( 4.2).cylib\BLE_v3_60\Library\gccCyBLEStack_BLE_SOC_PERIPHERAL.a(mint_os_queue.o)
                0x000046d8                OS_enqueue_item

i.OS_queue_get_num_of_items
                0x00004764       0x28
 i.OS_queue_get_num_of_items
                0x00004764       0x28 ..\..\Documents\PSoC Creator\4.2\Downloads ( 4.2).cylib\BLE_v3_60\Library\gccCyBLEStack_BLE_SOC_PERIPHERAL.a(mint_os_queue.o)
                0x00004764                OS_queue_get_num_of_items

i.OS_queue_mgmt_init
                0x0000478c       0x40
 i.OS_queue_mgmt_init
                0x0000478c       0x40 ..\..\Documents\PSoC Creator\4.2\Downloads ( 4.2).cylib\BLE_v3_60\Library\gccCyBLEStack_BLE_SOC_PERIPHERAL.a(mint_os_queue.o)
                0x0000478c                OS_queue_mgmt_init

i.OS_remove_item
                0x000047cc       0xa0
 i.OS_remove_item
                0x000047cc       0xa0 ..\..\Documents\PSoC Creator\4.2\Downloads ( 4.2).cylib\BLE_v3_60\Library\gccCyBLEStack_BLE_SOC_PERIPHERAL.a(mint_os_queue.o)
                0x000047cc                OS_remove_item

i.OS_create_task
                0x0000486c       0x88
 i.OS_create_task
                0x0000486c       0x88 ..\..\Documents\PSoC Creator\4.2\Downloads ( 4.2).cylib\BLE_v3_60\Library\gccCyBLEStack_BLE_SOC_PERIPHERAL.a(mint_os_task.o)
                0x0000486c                OS_create_task

i.OS_isr_send_signal_to_task
                0x000048f4        0xc
 i.OS_isr_send_signal_to_task
                0x000048f4        0xc ..\..\Documents\PSoC Creator\4.2\Downloads ( 4.2).cylib\BLE_v3_60\Library\gccCyBLEStack_BLE_SOC_PERIPHERAL.a(mint_os_task.o)
                0x000048f4                OS_isr_send_signal_to_task

i.OS_scheduler  0x00004900       0x64
 i.OS_scheduler
                0x00004900       0x64 ..\..\Documents\PSoC Creator\4.2\Downloads ( 4.2).cylib\BLE_v3_60\Library\gccCyBLEStack_BLE_SOC_PERIPHERAL.a(mint_os_task.o)
                0x00004900                OS_scheduler

i.OS_send_signal_to_task
                0x00004964        0xc
 i.OS_send_signal_to_task
                0x00004964        0xc ..\..\Documents\PSoC Creator\4.2\Downloads ( 4.2).cylib\BLE_v3_60\Library\gccCyBLEStack_BLE_SOC_PERIPHERAL.a(mint_os_task.o)
                0x00004964                OS_send_signal_to_task

i.OS_send_signal_to_task_context
                0x00004970       0x3c
 i.OS_send_signal_to_task_context
                0x00004970       0x3c ..\..\Documents\PSoC Creator\4.2\Downloads ( 4.2).cylib\BLE_v3_60\Library\gccCyBLEStack_BLE_SOC_PERIPHERAL.a(mint_os_task.o)

i.OS_task_mgmt_init
                0x000049ac       0x50
 i.OS_task_mgmt_init
                0x000049ac       0x50 ..\..\Documents\PSoC Creator\4.2\Downloads ( 4.2).cylib\BLE_v3_60\Library\gccCyBLEStack_BLE_SOC_PERIPHERAL.a(mint_os_task.o)
                0x000049ac                OS_task_mgmt_init

i.mint_buf_mgmt_allocate_buffer
                0x000049fc       0x4c
 i.mint_buf_mgmt_allocate_buffer
                0x000049fc       0x4c ..\..\Documents\PSoC Creator\4.2\Downloads ( 4.2).cylib\BLE_v3_60\Library\gccCyBLEStack_BLE_SOC_PERIPHERAL.a(mint_buf_mgmt.o)
                0x000049fc                mint_buf_mgmt_allocate_buffer

i.mint_buf_mgmt_create_pool
                0x00004a48       0xd0
 i.mint_buf_mgmt_create_pool
                0x00004a48       0xd0 ..\..\Documents\PSoC Creator\4.2\Downloads ( 4.2).cylib\BLE_v3_60\Library\gccCyBLEStack_BLE_SOC_PERIPHERAL.a(mint_buf_mgmt.o)
                0x00004a48                mint_buf_mgmt_create_pool

i.mint_buf_mgmt_free_buffer
                0x00004b18       0xa4
 i.mint_buf_mgmt_free_buffer
                0x00004b18       0xa4 ..\..\Documents\PSoC Creator\4.2\Downloads ( 4.2).cylib\BLE_v3_60\Library\gccCyBLEStack_BLE_SOC_PERIPHERAL.a(mint_buf_mgmt.o)
                0x00004b18                mint_buf_mgmt_free_buffer

i.mint_buf_mgmt_init
                0x00004bbc       0x44
 i.mint_buf_mgmt_init
                0x00004bbc       0x44 ..\..\Documents\PSoC Creator\4.2\Downloads ( 4.2).cylib\BLE_v3_60\Library\gccCyBLEStack_BLE_SOC_PERIPHERAL.a(mint_buf_mgmt.o)
                0x00004bbc                mint_buf_mgmt_init

i.mint_buf_mgmt_malloc
                0x00004c00       0x28
 i.mint_buf_mgmt_malloc
                0x00004c00       0x28 ..\..\Documents\PSoC Creator\4.2\Downloads ( 4.2).cylib\BLE_v3_60\Library\gccCyBLEStack_BLE_SOC_PERIPHERAL.a(mint_buf_mgmt.o)
                0x00004c00                mint_buf_mgmt_malloc

i.mint_buf_mgmt_pl_init
                0x00004c28       0x48
 i.mint_buf_mgmt_pl_init
                0x00004c28       0x48 ..\..\Documents\PSoC Creator\4.2\Downloads ( 4.2).cylib\BLE_v3_60\Library\gccCyBLEStack_BLE_SOC_PERIPHERAL.a(mint_buf_mgmt.o)
                0x00004c28                mint_buf_mgmt_pl_init

i.mint_buf_mgmt_reset_pool
                0x00004c70       0x70
 i.mint_buf_mgmt_reset_pool
                0x00004c70       0x70 ..\..\Documents\PSoC Creator\4.2\Downloads ( 4.2).cylib\BLE_v3_60\Library\gccCyBLEStack_BLE_SOC_PERIPHERAL.a(mint_buf_mgmt.o)
                0x00004c70                mint_buf_mgmt_reset_pool

i.mint_buf_mgmt_stack_init
                0x00004ce0       0x24
 i.mint_buf_mgmt_stack_init
                0x00004ce0       0x24 ..\..\Documents\PSoC Creator\4.2\Downloads ( 4.2).cylib\BLE_v3_60\Library\gccCyBLEStack_BLE_SOC_PERIPHERAL.a(mint_buf_mgmt.o)
                0x00004ce0                mint_buf_mgmt_stack_init

i.mint_buf_mgmt_stack_pop
                0x00004d04       0x36
 i.mint_buf_mgmt_stack_pop
                0x00004d04       0x36 ..\..\Documents\PSoC Creator\4.2\Downloads ( 4.2).cylib\BLE_v3_60\Library\gccCyBLEStack_BLE_SOC_PERIPHERAL.a(mint_buf_mgmt.o)
                0x00004d04                mint_buf_mgmt_stack_pop

i.mint_buf_mgmt_stack_push
                0x00004d3a       0x36
 i.mint_buf_mgmt_stack_push
                0x00004d3a       0x36 ..\..\Documents\PSoC Creator\4.2\Downloads ( 4.2).cylib\BLE_v3_60\Library\gccCyBLEStack_BLE_SOC_PERIPHERAL.a(mint_buf_mgmt.o)
                0x00004d3a                mint_buf_mgmt_stack_push

i.mint_buf_mgmt_stack_reset
                0x00004d70       0x1e
 i.mint_buf_mgmt_stack_reset
                0x00004d70       0x1e ..\..\Documents\PSoC Creator\4.2\Downloads ( 4.2).cylib\BLE_v3_60\Library\gccCyBLEStack_BLE_SOC_PERIPHERAL.a(mint_buf_mgmt.o)
                0x00004d70                mint_buf_mgmt_stack_reset

i.mint_buf_mgmt_stack_search_item
                0x00004d8e       0x30
 i.mint_buf_mgmt_stack_search_item
                0x00004d8e       0x30 ..\..\Documents\PSoC Creator\4.2\Downloads ( 4.2).cylib\BLE_v3_60\Library\gccCyBLEStack_BLE_SOC_PERIPHERAL.a(mint_buf_mgmt.o)
                0x00004d8e                mint_buf_mgmt_stack_search_item

i.CyBleControllerIP_GetPingState
                0x00004dc0        0xc
 i.CyBleControllerIP_GetPingState
                0x00004dc0        0xc ..\..\Documents\PSoC Creator\4.2\Downloads ( 4.2).cylib\BLE_v3_60\Library\gccCyBLEStack_BLE_SOC_PERIPHERAL.a(CyBleControllerIP_Interface.o)
                0x00004dc0                CyBleControllerIP_GetPingState

i.CyBleController_AddDeviceToWhiteList
                0x00004dcc       0x48
 i.CyBleController_AddDeviceToWhiteList
                0x00004dcc       0x48 ..\..\Documents\PSoC Creator\4.2\Downloads ( 4.2).cylib\BLE_v3_60\Library\gccCyBLEStack_BLE_SOC_PERIPHERAL.a(CyBleControllerIP_Interface.o)
                0x00004dcc                CyBleController_AddDeviceToWhiteList

i.CyBleController_EnableDefaultDevicePrivacy
                0x00004e14        0xc
 i.CyBleController_EnableDefaultDevicePrivacy
                0x00004e14        0xc ..\..\Documents\PSoC Creator\4.2\Downloads ( 4.2).cylib\BLE_v3_60\Library\gccCyBLEStack_BLE_SOC_PERIPHERAL.a(CyBleControllerIP_Interface.o)
                0x00004e14                CyBleController_EnableDefaultDevicePrivacy

i.CyBleController_ExitLowPowerMode
                0x00004e20       0x10
 i.CyBleController_ExitLowPowerMode
                0x00004e20       0x10 ..\..\Documents\PSoC Creator\4.2\Downloads ( 4.2).cylib\BLE_v3_60\Library\gccCyBLEStack_BLE_SOC_PERIPHERAL.a(CyBleControllerIP_Interface.o)
                0x00004e20                CyBleController_ExitLowPowerMode

i.CyBleController_GetDeviceAddress
                0x00004e30       0x22
 i.CyBleController_GetDeviceAddress
                0x00004e30       0x22 ..\..\Documents\PSoC Creator\4.2\Downloads ( 4.2).cylib\BLE_v3_60\Library\gccCyBLEStack_BLE_SOC_PERIPHERAL.a(CyBleControllerIP_Interface.o)
                0x00004e30                CyBleController_GetDeviceAddress

i.CyBleController_GetDleHeapMemory
                0x00004e52       0x10
 i.CyBleController_GetDleHeapMemory
                0x00004e52       0x10 ..\..\Documents\PSoC Creator\4.2\Downloads ( 4.2).cylib\BLE_v3_60\Library\gccCyBLEStack_BLE_SOC_PERIPHERAL.a(CyBleControllerIP_Interface.o)
                0x00004e52                CyBleController_GetDleHeapMemory

i.CyBleController_GetPrivacyHeapMemory
                0x00004e64       0x1c
 i.CyBleController_GetPrivacyHeapMemory
                0x00004e64       0x1c ..\..\Documents\PSoC Creator\4.2\Downloads ( 4.2).cylib\BLE_v3_60\Library\gccCyBLEStack_BLE_SOC_PERIPHERAL.a(CyBleControllerIP_Interface.o)
                0x00004e64                CyBleController_GetPrivacyHeapMemory

i.CyBleController_Init
                0x00004e80       0x40
 i.CyBleController_Init
                0x00004e80       0x40 ..\..\Documents\PSoC Creator\4.2\Downloads ( 4.2).cylib\BLE_v3_60\Library\gccCyBLEStack_BLE_SOC_PERIPHERAL.a(CyBleControllerIP_Interface.o)
                0x00004e80                CyBleController_Init

i.CyBleController_SetDeviceAddress
                0x00004ec0       0x2e
 i.CyBleController_SetDeviceAddress
                0x00004ec0       0x2e ..\..\Documents\PSoC Creator\4.2\Downloads ( 4.2).cylib\BLE_v3_60\Library\gccCyBLEStack_BLE_SOC_PERIPHERAL.a(CyBleControllerIP_Interface.o)
                0x00004ec0                CyBleController_SetDeviceAddress

i.CyBleController_SetDleParams
                0x00004ef0       0x1c
 i.CyBleController_SetDleParams
                0x00004ef0       0x1c ..\..\Documents\PSoC Creator\4.2\Downloads ( 4.2).cylib\BLE_v3_60\Library\gccCyBLEStack_BLE_SOC_PERIPHERAL.a(CyBleControllerIP_Interface.o)
                0x00004ef0                CyBleController_SetDleParams

i.CyBleController_SetLePrivacyParams
                0x00004f0c       0x18
 i.CyBleController_SetLePrivacyParams
                0x00004f0c       0x18 ..\..\Documents\PSoC Creator\4.2\Downloads ( 4.2).cylib\BLE_v3_60\Library\gccCyBLEStack_BLE_SOC_PERIPHERAL.a(CyBleControllerIP_Interface.o)
                0x00004f0c                CyBleController_SetLePrivacyParams

i.CyBle_GetFirmwareProgrammedDSM
                0x00004f24        0xc
 i.CyBle_GetFirmwareProgrammedDSM
                0x00004f24        0xc ..\..\Documents\PSoC Creator\4.2\Downloads ( 4.2).cylib\BLE_v3_60\Library\gccCyBLEStack_BLE_SOC_PERIPHERAL.a(CyBleControllerIP_Interface.o)
                0x00004f24                CyBle_GetFirmwareProgrammedDSM

i.CyBle_GetTxPowerLevel
                0x00004f30       0x54
 i.CyBle_GetTxPowerLevel
                0x00004f30       0x54 ..\..\Documents\PSoC Creator\4.2\Downloads ( 4.2).cylib\BLE_v3_60\Library\gccCyBLEStack_BLE_SOC_PERIPHERAL.a(CyBleControllerIP_Interface.o)
                0x00004f30                CyBle_GetTxPowerLevel

i.CyBle_SendBlessEvtoAPP
                0x00004f84        0xc
 i.CyBle_SendBlessEvtoAPP
                0x00004f84        0xc ..\..\Documents\PSoC Creator\4.2\Downloads ( 4.2).cylib\BLE_v3_60\Library\gccCyBLEStack_BLE_SOC_PERIPHERAL.a(CyBleControllerIP_Interface.o)
                0x00004f84                CyBle_SendBlessEvtoAPP

i.CyBle_SendEventToApp
                0x00004f90       0x38
 i.CyBle_SendEventToApp
                0x00004f90       0x38 ..\..\Documents\PSoC Creator\4.2\Downloads ( 4.2).cylib\BLE_v3_60\Library\gccCyBLEStack_BLE_SOC_PERIPHERAL.a(CyBleControllerIP_Interface.o)
                0x00004f90                CyBle_SendEventToApp

i.CyBle_SetFirmwareProgrammedDSM
                0x00004fc8        0xc
 i.CyBle_SetFirmwareProgrammedDSM
                0x00004fc8        0xc ..\..\Documents\PSoC Creator\4.2\Downloads ( 4.2).cylib\BLE_v3_60\Library\gccCyBLEStack_BLE_SOC_PERIPHERAL.a(CyBleControllerIP_Interface.o)
                0x00004fc8                CyBle_SetFirmwareProgrammedDSM

i.CyBle_SetTxPowerLevel
                0x00004fd4       0x88
 i.CyBle_SetTxPowerLevel
                0x00004fd4       0x88 ..\..\Documents\PSoC Creator\4.2\Downloads ( 4.2).cylib\BLE_v3_60\Library\gccCyBLEStack_BLE_SOC_PERIPHERAL.a(CyBleControllerIP_Interface.o)
                0x00004fd4                CyBle_SetTxPowerLevel

i.ll_check_and_mark_packet_ready_for_transmission
                0x0000505c       0x44
 i.ll_check_and_mark_packet_ready_for_transmission
                0x0000505c       0x44 ..\..\Documents\PSoC Creator\4.2\Downloads ( 4.2).cylib\BLE_v3_60\Library\gccCyBLEStack_BLE_SOC_PERIPHERAL.a(ll.o)
                0x0000505c                ll_check_and_mark_packet_ready_for_transmission

i.ll_cleanup_pending_data_pdu
                0x000050a0       0x44
 i.ll_cleanup_pending_data_pdu
                0x000050a0       0x44 ..\..\Documents\PSoC Creator\4.2\Downloads ( 4.2).cylib\BLE_v3_60\Library\gccCyBLEStack_BLE_SOC_PERIPHERAL.a(ll.o)
                0x000050a0                ll_cleanup_pending_data_pdu

i.ll_exit_low_power_mode
                0x000050e4       0x84
 i.ll_exit_low_power_mode
                0x000050e4       0x84 ..\..\Documents\PSoC Creator\4.2\Downloads ( 4.2).cylib\BLE_v3_60\Library\gccCyBLEStack_BLE_SOC_PERIPHERAL.a(ll.o)
                0x000050e4                ll_exit_low_power_mode

i.ll_get_ack_status
                0x00005168       0x44
 i.ll_get_ack_status
                0x00005168       0x44 ..\..\Documents\PSoC Creator\4.2\Downloads ( 4.2).cylib\BLE_v3_60\Library\gccCyBLEStack_BLE_SOC_PERIPHERAL.a(ll.o)
                0x00005168                ll_get_ack_status

i.ll_get_adv_ch_tx_power
                0x000051ac       0x20
 i.ll_get_adv_ch_tx_power
                0x000051ac       0x20 ..\..\Documents\PSoC Creator\4.2\Downloads ( 4.2).cylib\BLE_v3_60\Library\gccCyBLEStack_BLE_SOC_PERIPHERAL.a(ll.o)
                0x000051ac                ll_get_adv_ch_tx_power

i.ll_get_data_channel_map
                0x000051cc       0x28
 i.ll_get_data_channel_map
                0x000051cc       0x28 ..\..\Documents\PSoC Creator\4.2\Downloads ( 4.2).cylib\BLE_v3_60\Library\gccCyBLEStack_BLE_SOC_PERIPHERAL.a(ll.o)
                0x000051cc                ll_get_data_channel_map

i.ll_get_max_white_list_size
                0x000051f4        0xc
 i.ll_get_max_white_list_size
                0x000051f4        0xc ..\..\Documents\PSoC Creator\4.2\Downloads ( 4.2).cylib\BLE_v3_60\Library\gccCyBLEStack_BLE_SOC_PERIPHERAL.a(ll.o)
                0x000051f4                ll_get_max_white_list_size

i.ll_get_my_role
                0x00005200        0xc
 i.ll_get_my_role
                0x00005200        0xc ..\..\Documents\PSoC Creator\4.2\Downloads ( 4.2).cylib\BLE_v3_60\Library\gccCyBLEStack_BLE_SOC_PERIPHERAL.a(ll.o)
                0x00005200                ll_get_my_role

i.ll_get_next_available_fifo_for_data_pdu
                0x0000520c        0x8
 i.ll_get_next_available_fifo_for_data_pdu
                0x0000520c        0x8 ..\..\Documents\PSoC Creator\4.2\Downloads ( 4.2).cylib\BLE_v3_60\Library\gccCyBLEStack_BLE_SOC_PERIPHERAL.a(ll.o)
                0x0000520c                ll_get_next_available_fifo_for_data_pdu

i.ll_get_next_available_fifo_for_ll_pdu
                0x00005214       0x2c
 i.ll_get_next_available_fifo_for_ll_pdu
                0x00005214       0x2c ..\..\Documents\PSoC Creator\4.2\Downloads ( 4.2).cylib\BLE_v3_60\Library\gccCyBLEStack_BLE_SOC_PERIPHERAL.a(ll.o)
                0x00005214                ll_get_next_available_fifo_for_ll_pdu

i.ll_get_rssi_value
                0x00005240       0x26
 i.ll_get_rssi_value
                0x00005240       0x26 ..\..\Documents\PSoC Creator\4.2\Downloads ( 4.2).cylib\BLE_v3_60\Library\gccCyBLEStack_BLE_SOC_PERIPHERAL.a(ll.o)
                0x00005240                ll_get_rssi_value

i.ll_get_transmit_power_level
                0x00005268       0x2c
 i.ll_get_transmit_power_level
                0x00005268       0x2c ..\..\Documents\PSoC Creator\4.2\Downloads ( 4.2).cylib\BLE_v3_60\Library\gccCyBLEStack_BLE_SOC_PERIPHERAL.a(ll.o)
                0x00005268                ll_get_transmit_power_level

i.ll_handle_ack_received
                0x00005294       0x74
 i.ll_handle_ack_received
                0x00005294       0x74 ..\..\Documents\PSoC Creator\4.2\Downloads ( 4.2).cylib\BLE_v3_60\Library\gccCyBLEStack_BLE_SOC_PERIPHERAL.a(ll.o)
                0x00005294                ll_handle_ack_received

i.ll_handle_add_device_in_whitelist
                0x00005308       0x50
 i.ll_handle_add_device_in_whitelist
                0x00005308       0x50 ..\..\Documents\PSoC Creator\4.2\Downloads ( 4.2).cylib\BLE_v3_60\Library\gccCyBLEStack_BLE_SOC_PERIPHERAL.a(ll.o)
                0x00005308                ll_handle_add_device_in_whitelist

i.ll_handle_clear_whitelist
                0x00005358       0x24
 i.ll_handle_clear_whitelist
                0x00005358       0x24 ..\..\Documents\PSoC Creator\4.2\Downloads ( 4.2).cylib\BLE_v3_60\Library\gccCyBLEStack_BLE_SOC_PERIPHERAL.a(ll.o)
                0x00005358                ll_handle_clear_whitelist

i.ll_handle_encrypt_host_data
                0x0000537c       0x36
 i.ll_handle_encrypt_host_data
                0x0000537c       0x36 ..\..\Documents\PSoC Creator\4.2\Downloads ( 4.2).cylib\BLE_v3_60\Library\gccCyBLEStack_BLE_SOC_PERIPHERAL.a(ll.o)
                0x0000537c                ll_handle_encrypt_host_data

i.ll_handle_host_data_packet
                0x000053b4       0x9c
 i.ll_handle_host_data_packet
                0x000053b4       0x9c ..\..\Documents\PSoC Creator\4.2\Downloads ( 4.2).cylib\BLE_v3_60\Library\gccCyBLEStack_BLE_SOC_PERIPHERAL.a(ll.o)
                0x000053b4                ll_handle_host_data_packet

i.ll_handle_read_host_channel_map
                0x00005450        0x4
 i.ll_handle_read_host_channel_map
                0x00005450        0x4 ..\..\Documents\PSoC Creator\4.2\Downloads ( 4.2).cylib\BLE_v3_60\Library\gccCyBLEStack_BLE_SOC_PERIPHERAL.a(ll.o)
                0x00005450                ll_handle_read_host_channel_map

i.ll_handle_remove_device_in_whitelist
                0x00005454       0x38
 i.ll_handle_remove_device_in_whitelist
                0x00005454       0x38 ..\..\Documents\PSoC Creator\4.2\Downloads ( 4.2).cylib\BLE_v3_60\Library\gccCyBLEStack_BLE_SOC_PERIPHERAL.a(ll.o)
                0x00005454                ll_handle_remove_device_in_whitelist

i.ll_handle_reset
                0x0000548c        0xe
 i.ll_handle_reset
                0x0000548c        0xe ..\..\Documents\PSoC Creator\4.2\Downloads ( 4.2).cylib\BLE_v3_60\Library\gccCyBLEStack_BLE_SOC_PERIPHERAL.a(ll.o)
                0x0000548c                ll_handle_reset

i.ll_handle_set_random_address
                0x0000549a       0x36
 i.ll_handle_set_random_address
                0x0000549a       0x36 ..\..\Documents\PSoC Creator\4.2\Downloads ( 4.2).cylib\BLE_v3_60\Library\gccCyBLEStack_BLE_SOC_PERIPHERAL.a(ll.o)
                0x0000549a                ll_handle_set_random_address

i.ll_init       0x000054d0       0x20
 i.ll_init      0x000054d0       0x20 ..\..\Documents\PSoC Creator\4.2\Downloads ( 4.2).cylib\BLE_v3_60\Library\gccCyBLEStack_BLE_SOC_PERIPHERAL.a(ll.o)
                0x000054d0                ll_init

i.ll_initialize_device_attributes
                0x000054f0       0xc0
 i.ll_initialize_device_attributes
                0x000054f0       0xc0 ..\..\Documents\PSoC Creator\4.2\Downloads ( 4.2).cylib\BLE_v3_60\Library\gccCyBLEStack_BLE_SOC_PERIPHERAL.a(ll.o)
                0x000054f0                ll_initialize_device_attributes

i.ll_is_pkt_pending
                0x000055b0       0x2a
 i.ll_is_pkt_pending
                0x000055b0       0x2a ..\..\Documents\PSoC Creator\4.2\Downloads ( 4.2).cylib\BLE_v3_60\Library\gccCyBLEStack_BLE_SOC_PERIPHERAL.a(ll.o)
                0x000055b0                ll_is_pkt_pending

i.ll_is_sent_pkt_pending
                0x000055da       0x1a
 i.ll_is_sent_pkt_pending
                0x000055da       0x1a ..\..\Documents\PSoC Creator\4.2\Downloads ( 4.2).cylib\BLE_v3_60\Library\gccCyBLEStack_BLE_SOC_PERIPHERAL.a(ll.o)
                0x000055da                ll_is_sent_pkt_pending

i.ll_isr_exit_low_power_mode
                0x000055f4       0x16
 i.ll_isr_exit_low_power_mode
                0x000055f4       0x16 ..\..\Documents\PSoC Creator\4.2\Downloads ( 4.2).cylib\BLE_v3_60\Library\gccCyBLEStack_BLE_SOC_PERIPHERAL.a(ll.o)
                0x000055f4                ll_isr_exit_low_power_mode

i.ll_load_host_data_packet
                0x0000560a       0x3c
 i.ll_load_host_data_packet
                0x0000560a       0x3c ..\..\Documents\PSoC Creator\4.2\Downloads ( 4.2).cylib\BLE_v3_60\Library\gccCyBLEStack_BLE_SOC_PERIPHERAL.a(ll.o)
                0x0000560a                ll_load_host_data_packet

i.ll_load_packet_to_fifo
                0x00005648       0xc0
 i.ll_load_packet_to_fifo
                0x00005648       0xc0 ..\..\Documents\PSoC Creator\4.2\Downloads ( 4.2).cylib\BLE_v3_60\Library\gccCyBLEStack_BLE_SOC_PERIPHERAL.a(ll.o)
                0x00005648                ll_load_packet_to_fifo

i.ll_process_acks
                0x00005708       0x60
 i.ll_process_acks
                0x00005708       0x60 ..\..\Documents\PSoC Creator\4.2\Downloads ( 4.2).cylib\BLE_v3_60\Library\gccCyBLEStack_BLE_SOC_PERIPHERAL.a(ll.o)
                0x00005708                ll_process_acks

i.ll_reset      0x00005768       0x14
 i.ll_reset     0x00005768       0x14 ..\..\Documents\PSoC Creator\4.2\Downloads ( 4.2).cylib\BLE_v3_60\Library\gccCyBLEStack_BLE_SOC_PERIPHERAL.a(ll.o)
                0x00005768                ll_reset

i.ll_update_active_features
                0x0000577c       0x58
 i.ll_update_active_features
                0x0000577c       0x58 ..\..\Documents\PSoC Creator\4.2\Downloads ( 4.2).cylib\BLE_v3_60\Library\gccCyBLEStack_BLE_SOC_PERIPHERAL.a(ll.o)
                0x0000577c                ll_update_active_features

i.ll_update_device_fsm
                0x000057d4        0x8
 i.ll_update_device_fsm
                0x000057d4        0x8 ..\..\Documents\PSoC Creator\4.2\Downloads ( 4.2).cylib\BLE_v3_60\Library\gccCyBLEStack_BLE_SOC_PERIPHERAL.a(ll.o)
                0x000057d4                ll_update_device_fsm

i.ll_validate_add_device_to_whitelist_params
                0x000057dc       0x14
 i.ll_validate_add_device_to_whitelist_params
                0x000057dc       0x14 ..\..\Documents\PSoC Creator\4.2\Downloads ( 4.2).cylib\BLE_v3_60\Library\gccCyBLEStack_BLE_SOC_PERIPHERAL.a(ll.o)
                0x000057dc                ll_validate_add_device_to_whitelist_params

i.ll_validate_bd_addr
                0x000057f0       0x1a
 i.ll_validate_bd_addr
                0x000057f0       0x1a ..\..\Documents\PSoC Creator\4.2\Downloads ( 4.2).cylib\BLE_v3_60\Library\gccCyBLEStack_BLE_SOC_PERIPHERAL.a(ll.o)
                0x000057f0                ll_validate_bd_addr

i.ll_wait_to_exit_dsm
                0x0000580a       0x2c
 i.ll_wait_to_exit_dsm
                0x0000580a       0x2c ..\..\Documents\PSoC Creator\4.2\Downloads ( 4.2).cylib\BLE_v3_60\Library\gccCyBLEStack_BLE_SOC_PERIPHERAL.a(ll.o)

i.pf_le_start_timer
                0x00005836       0x16
 i.pf_le_start_timer
                0x00005836       0x16 ..\..\Documents\PSoC Creator\4.2\Downloads ( 4.2).cylib\BLE_v3_60\Library\gccCyBLEStack_BLE_SOC_PERIPHERAL.a(ll.o)
                0x00005836                pf_le_start_timer

i.pf_le_stop_timer
                0x0000584c       0x12
 i.pf_le_stop_timer
                0x0000584c       0x12 ..\..\Documents\PSoC Creator\4.2\Downloads ( 4.2).cylib\BLE_v3_60\Library\gccCyBLEStack_BLE_SOC_PERIPHERAL.a(ll.o)
                0x0000584c                pf_le_stop_timer

i.CyBleControllerIP_TuneAdvEventInterPktSlots
                0x00005860       0x3c
 i.CyBleControllerIP_TuneAdvEventInterPktSlots
                0x00005860       0x3c ..\..\Documents\PSoC Creator\4.2\Downloads ( 4.2).cylib\BLE_v3_60\Library\gccCyBLEStack_BLE_SOC_PERIPHERAL.a(ll_advertiser.o)
                0x00005860                CyBleControllerIP_TuneAdvEventInterPktSlots

i.ll_adv_is_configured_connection_adv
                0x0000589c       0x1e
 i.ll_adv_is_configured_connection_adv
                0x0000589c       0x1e ..\..\Documents\PSoC Creator\4.2\Downloads ( 4.2).cylib\BLE_v3_60\Library\gccCyBLEStack_BLE_SOC_PERIPHERAL.a(ll_advertiser.o)
                0x0000589c                ll_adv_is_configured_connection_adv

i.ll_check_random_address_in_use_by_advertiser
                0x000058ba       0x10
 i.ll_check_random_address_in_use_by_advertiser
                0x000058ba       0x10 ..\..\Documents\PSoC Creator\4.2\Downloads ( 4.2).cylib\BLE_v3_60\Library\gccCyBLEStack_BLE_SOC_PERIPHERAL.a(ll_advertiser.o)
                0x000058ba                ll_check_random_address_in_use_by_advertiser

i.ll_check_whitelist_in_use_by_advertiser
                0x000058ca       0x10
 i.ll_check_whitelist_in_use_by_advertiser
                0x000058ca       0x10 ..\..\Documents\PSoC Creator\4.2\Downloads ( 4.2).cylib\BLE_v3_60\Library\gccCyBLEStack_BLE_SOC_PERIPHERAL.a(ll_advertiser.o)
                0x000058ca                ll_check_whitelist_in_use_by_advertiser

i.ll_get_adv_data
                0x000058dc        0xc
 i.ll_get_adv_data
                0x000058dc        0xc ..\..\Documents\PSoC Creator\4.2\Downloads ( 4.2).cylib\BLE_v3_60\Library\gccCyBLEStack_BLE_SOC_PERIPHERAL.a(ll_advertiser.o)
                0x000058dc                ll_get_adv_data

i.ll_get_adv_status
                0x000058e8        0xc
 i.ll_get_adv_status
                0x000058e8        0xc ..\..\Documents\PSoC Creator\4.2\Downloads ( 4.2).cylib\BLE_v3_60\Library\gccCyBLEStack_BLE_SOC_PERIPHERAL.a(ll_advertiser.o)
                0x000058e8                ll_get_adv_status

i.ll_get_adv_type
                0x000058f4       0x18
 i.ll_get_adv_type
                0x000058f4       0x18 ..\..\Documents\PSoC Creator\4.2\Downloads ( 4.2).cylib\BLE_v3_60\Library\gccCyBLEStack_BLE_SOC_PERIPHERAL.a(ll_advertiser.o)
                0x000058f4                ll_get_adv_type

i.ll_get_scan_rsp_data
                0x0000590c        0xc
 i.ll_get_scan_rsp_data
                0x0000590c        0xc ..\..\Documents\PSoC Creator\4.2\Downloads ( 4.2).cylib\BLE_v3_60\Library\gccCyBLEStack_BLE_SOC_PERIPHERAL.a(ll_advertiser.o)
                0x0000590c                ll_get_scan_rsp_data

i.ll_handle_adv_intr
                0x00005918       0x70
 i.ll_handle_adv_intr
                0x00005918       0x70 ..\..\Documents\PSoC Creator\4.2\Downloads ( 4.2).cylib\BLE_v3_60\Library\gccCyBLEStack_BLE_SOC_PERIPHERAL.a(ll_advertiser.o)
                0x00005918                ll_handle_adv_intr

i.ll_handle_set_adv_data
                0x00005988       0x38
 i.ll_handle_set_adv_data
                0x00005988       0x38 ..\..\Documents\PSoC Creator\4.2\Downloads ( 4.2).cylib\BLE_v3_60\Library\gccCyBLEStack_BLE_SOC_PERIPHERAL.a(ll_advertiser.o)
                0x00005988                ll_handle_set_adv_data

i.ll_handle_set_adv_parameters
                0x000059c0       0xa4
 i.ll_handle_set_adv_parameters